../Src/STM32F10x_StdPeriph_Driver/src/stm32f10x_flash.c:254:6:FLASH_SetLatency	0	static
../Src/STM32F10x_StdPeriph_Driver/src/stm32f10x_flash.c:281:6:FLASH_HalfCycleAccessCmd	0	static
../Src/STM32F10x_StdPeriph_Driver/src/stm32f10x_flash.c:300:6:FLASH_PrefetchBufferCmd	0	static
../Src/STM32F10x_StdPeriph_Driver/src/stm32f10x_flash.c:319:6:FLASH_Unlock	0	static
../Src/STM32F10x_StdPeriph_Driver/src/stm32f10x_flash.c:340:6:FLASH_UnlockBank1	0	static
../Src/STM32F10x_StdPeriph_Driver/src/stm32f10x_flash.c:372:6:FLASH_Lock	0	static
../Src/STM32F10x_StdPeriph_Driver/src/stm32f10x_flash.c:392:6:FLASH_LockBank1	0	static
../Src/STM32F10x_StdPeriph_Driver/src/stm32f10x_flash.c:1216:10:FLASH_GetUserOptionByte	0	static
../Src/STM32F10x_StdPeriph_Driver/src/stm32f10x_flash.c:1228:10:FLASH_GetWriteProtectionOptionByte	0	static
../Src/STM32F10x_StdPeriph_Driver/src/stm32f10x_flash.c:1240:12:FLASH_GetReadOutProtectionStatus	0	static
../Src/STM32F10x_StdPeriph_Driver/src/stm32f10x_flash.c:1260:12:FLASH_GetPrefetchBufferStatus	0	static
../Src/STM32F10x_StdPeriph_Driver/src/stm32f10x_flash.c:1290:6:FLASH_ITConfig	0	static
../Src/STM32F10x_StdPeriph_Driver/src/stm32f10x_flash.c:1357:12:FLASH_GetFlagStatus	0	static
../Src/STM32F10x_StdPeriph_Driver/src/stm32f10x_flash.c:1443:6:FLASH_ClearFlag	0	static
../Src/STM32F10x_StdPeriph_Driver/src/stm32f10x_flash.c:1477:14:FLASH_GetStatus	0	static
../Src/STM32F10x_StdPeriph_Driver/src/stm32f10x_flash.c:1515:14:FLASH_GetBank1Status	0	static
../Src/STM32F10x_StdPeriph_Driver/src/stm32f10x_flash.c:1595:14:FLASH_WaitForLastOperation	8	static
../Src/STM32F10x_StdPeriph_Driver/src/stm32f10x_flash.c:419:14:FLASH_ErasePage	16	static
../Src/STM32F10x_StdPeriph_Driver/src/stm32f10x_flash.c:492:14:FLASH_EraseAllPages	8	static
../Src/STM32F10x_StdPeriph_Driver/src/stm32f10x_flash.c:555:14:FLASH_EraseAllBank1Pages	0	static
../Src/STM32F10x_StdPeriph_Driver/src/stm32f10x_flash.c:616:14:FLASH_EraseOptionBytes	16	static
../Src/STM32F10x_StdPeriph_Driver/src/stm32f10x_flash.c:681:14:FLASH_ProgramWord	24	static
../Src/STM32F10x_StdPeriph_Driver/src/stm32f10x_flash.c:858:14:FLASH_ProgramHalfWord	16	static
../Src/STM32F10x_StdPeriph_Driver/src/stm32f10x_flash.c:929:14:FLASH_ProgramOptionByteData	16	static
../Src/STM32F10x_StdPeriph_Driver/src/stm32f10x_flash.c:975:14:FLASH_EnableWriteProtection	8	static
../Src/STM32F10x_StdPeriph_Driver/src/stm32f10x_flash.c:1049:14:FLASH_ReadOutProtection	16	static
../Src/STM32F10x_StdPeriph_Driver/src/stm32f10x_flash.c:1118:14:FLASH_UserOptionByteConfig	24	static
../Src/STM32F10x_StdPeriph_Driver/src/stm32f10x_flash.c:1623:14:FLASH_WaitForLastBank1Operation	0	static
