../Src/STM32F10x_StdPeriph_Driver/src/stm32f10x_rcc.c:217:6:RCC_DeInit	0	static
../Src/STM32F10x_StdPeriph_Driver/src/stm32f10x_rcc.c:270:6:RCC_HSEConfig	0	static
../Src/STM32F10x_StdPeriph_Driver/src/stm32f10x_rcc.c:334:6:RCC_AdjustHSICalibrationValue	0	static
../Src/STM32F10x_StdPeriph_Driver/src/stm32f10x_rcc.c:354:6:RCC_HSICmd	0	static
../Src/STM32F10x_StdPeriph_Driver/src/stm32f10x_rcc.c:378:6:RCC_PLLConfig	0	static
../Src/STM32F10x_StdPeriph_Driver/src/stm32f10x_rcc.c:401:6:RCC_PLLCmd	0	static
../Src/STM32F10x_StdPeriph_Driver/src/stm32f10x_rcc.c:564:6:RCC_SYSCLKConfig	0	static
../Src/STM32F10x_StdPeriph_Driver/src/stm32f10x_rcc.c:587:9:RCC_GetSYSCLKSource	0	static
../Src/STM32F10x_StdPeriph_Driver/src/stm32f10x_rcc.c:608:6:RCC_HCLKConfig	0	static
../Src/STM32F10x_StdPeriph_Driver/src/stm32f10x_rcc.c:634:6:RCC_PCLK1Config	0	static
../Src/STM32F10x_StdPeriph_Driver/src/stm32f10x_rcc.c:660:6:RCC_PCLK2Config	0	static
../Src/STM32F10x_StdPeriph_Driver/src/stm32f10x_rcc.c:700:6:RCC_ITConfig	0	static
../Src/STM32F10x_StdPeriph_Driver/src/stm32f10x_rcc.c:728:6:RCC_USBCLKConfig	0	static
../Src/STM32F10x_StdPeriph_Driver/src/stm32f10x_rcc.c:766:6:RCC_ADCCLKConfig	0	static
../Src/STM32F10x_StdPeriph_Driver/src/stm32f10x_rcc.c:829:6:RCC_LSEConfig	0	static
../Src/STM32F10x_StdPeriph_Driver/src/stm32f10x_rcc.c:862:6:RCC_LSICmd	0	static
../Src/STM32F10x_StdPeriph_Driver/src/stm32f10x_rcc.c:879:6:RCC_RTCCLKConfig	0	static
../Src/STM32F10x_StdPeriph_Driver/src/stm32f10x_rcc.c:893:6:RCC_RTCCLKCmd	0	static
../Src/STM32F10x_StdPeriph_Driver/src/stm32f10x_rcc.c:908:6:RCC_GetClocksFreq	8	static
../Src/STM32F10x_StdPeriph_Driver/src/stm32f10x_rcc.c:1064:6:RCC_AHBPeriphClockCmd	0	static
../Src/STM32F10x_StdPeriph_Driver/src/stm32f10x_rcc.c:1095:6:RCC_APB2PeriphClockCmd	0	static
../Src/STM32F10x_StdPeriph_Driver/src/stm32f10x_rcc.c:1126:6:RCC_APB1PeriphClockCmd	0	static
../Src/STM32F10x_StdPeriph_Driver/src/stm32f10x_rcc.c:1185:6:RCC_APB2PeriphResetCmd	0	static
../Src/STM32F10x_StdPeriph_Driver/src/stm32f10x_rcc.c:1216:6:RCC_APB1PeriphResetCmd	0	static
../Src/STM32F10x_StdPeriph_Driver/src/stm32f10x_rcc.c:1237:6:RCC_BackupResetCmd	0	static
../Src/STM32F10x_StdPeriph_Driver/src/stm32f10x_rcc.c:1250:6:RCC_ClockSecuritySystemCmd	0	static
../Src/STM32F10x_StdPeriph_Driver/src/stm32f10x_rcc.c:1282:6:RCC_MCOConfig	0	static
../Src/STM32F10x_StdPeriph_Driver/src/stm32f10x_rcc.c:1326:12:RCC_GetFlagStatus	0	static
../Src/STM32F10x_StdPeriph_Driver/src/stm32f10x_rcc.c:304:13:RCC_WaitForHSEStartUp	16	static
../Src/STM32F10x_StdPeriph_Driver/src/stm32f10x_rcc.c:1371:6:RCC_ClearFlag	0	static
../Src/STM32F10x_StdPeriph_Driver/src/stm32f10x_rcc.c:1402:10:RCC_GetITStatus	0	static
../Src/STM32F10x_StdPeriph_Driver/src/stm32f10x_rcc.c:1448:6:RCC_ClearITPendingBit	0	static
