../Src/EKF/fast_math.c:29:7:Modf	16	static
../Src/EKF/fast_math.c:61:7:FastPow	64	static
../Src/EKF/fast_math.c:262:7:FastTan	24	static
../Src/EKF/fast_math.c:327:7:FastLn	24	static
../Src/EKF/fast_math.c:411:7:FastAtan2	32	static
../Src/EKF/fast_math.c:490:7:FastSqrtI	8	static
../Src/EKF/fast_math.c:510:7:FastSqrt	8	static
../Src/EKF/fast_math.c:365:7:FastAsin	24	static
../Src/EKF/fast_math.c:614:6:FastSinCos	48	static
../Src/EKF/fast_math.c:674:7:FastSin	24	static
../Src/EKF/fast_math.c:715:7:FastCos	24	static
