../Src/EKF/matrix.c:27:12:mat_identity	12	static
../Src/EKF/matrix.c:41:6:arm_mat_zero_f32	0	static
../Src/EKF/matrix.c:53:12:arm_mat_identity_f32	12	static
../Src/EKF/matrix.c:68:12:arm_mat_remainlower_f32	24	static
../Src/EKF/matrix.c:89:12:arm_mat_fill_f32	8	static
../Src/EKF/matrix.c:107:12:arm_mat_chol_f32	72	static
../Src/EKF/matrix.c:145:6:arm_mat_getsubmatrix_f32	20	static
../Src/EKF/matrix.c:162:6:arm_mat_setsubmatrix_f32	20	static
../Src/EKF/matrix.c:179:6:arm_mat_getcolumn_f32	12	static
../Src/EKF/matrix.c:187:6:arm_mat_setcolumn_f32	12	static
../Src/EKF/matrix.c:195:6:arm_mat_cumsum_f32	40	static
../Src/EKF/matrix.c:212:6:arm_fill_f32	12	static
../Src/EKF/matrix.c:271:5:arm_mat_qr_decompositionT_f32	88	static
