../Src/BSP/CMSIS/CM3/CoreSupport/core_cm3.c:443:10:__get_PSP	0	static,ignoring_inline_asm
../Src/BSP/CMSIS/CM3/CoreSupport/core_cm3.c:462:6:__set_PSP	0	static,ignoring_inline_asm
../Src/BSP/CMSIS/CM3/CoreSupport/core_cm3.c:477:10:__get_MSP	0	static,ignoring_inline_asm
../Src/BSP/CMSIS/CM3/CoreSupport/core_cm3.c:496:6:__set_MSP	0	static,ignoring_inline_asm
../Src/BSP/CMSIS/CM3/CoreSupport/core_cm3.c:509:10:__get_BASEPRI	0	static,ignoring_inline_asm
../Src/BSP/CMSIS/CM3/CoreSupport/core_cm3.c:524:6:__set_BASEPRI	0	static,ignoring_inline_asm
../Src/BSP/CMSIS/CM3/CoreSupport/core_cm3.c:536:10:__get_PRIMASK	0	static,ignoring_inline_asm
../Src/BSP/CMSIS/CM3/CoreSupport/core_cm3.c:551:6:__set_PRIMASK	0	static,ignoring_inline_asm
../Src/BSP/CMSIS/CM3/CoreSupport/core_cm3.c:563:10:__get_FAULTMASK	0	static,ignoring_inline_asm
../Src/BSP/CMSIS/CM3/CoreSupport/core_cm3.c:578:6:__set_FAULTMASK	0	static,ignoring_inline_asm
../Src/BSP/CMSIS/CM3/CoreSupport/core_cm3.c:590:10:__get_CONTROL	0	static,ignoring_inline_asm
../Src/BSP/CMSIS/CM3/CoreSupport/core_cm3.c:605:6:__set_CONTROL	0	static,ignoring_inline_asm
../Src/BSP/CMSIS/CM3/CoreSupport/core_cm3.c:619:10:__REV	0	static,ignoring_inline_asm
../Src/BSP/CMSIS/CM3/CoreSupport/core_cm3.c:635:10:__REV16	0	static,ignoring_inline_asm
../Src/BSP/CMSIS/CM3/CoreSupport/core_cm3.c:651:9:__REVSH	0	static,ignoring_inline_asm
../Src/BSP/CMSIS/CM3/CoreSupport/core_cm3.c:667:10:__RBIT	0	static,ignoring_inline_asm
../Src/BSP/CMSIS/CM3/CoreSupport/core_cm3.c:683:9:__LDREXB	0	static,ignoring_inline_asm
../Src/BSP/CMSIS/CM3/CoreSupport/core_cm3.c:699:10:__LDREXH	0	static,ignoring_inline_asm
../Src/BSP/CMSIS/CM3/CoreSupport/core_cm3.c:715:10:__LDREXW	0	static,ignoring_inline_asm
../Src/BSP/CMSIS/CM3/CoreSupport/core_cm3.c:732:10:__STREXB	0	static,ignoring_inline_asm
../Src/BSP/CMSIS/CM3/CoreSupport/core_cm3.c:750:10:__STREXH	0	static,ignoring_inline_asm
../Src/BSP/CMSIS/CM3/CoreSupport/core_cm3.c:768:10:__STREXW	0	static,ignoring_inline_asm
