../Src/FatFs/ff.c:507:6:mem_cpy	0	static
../Src/FatFs/ff.c:524:6:mem_set	0	static
../Src/FatFs/ff.c:1438:6:sum_sfn	0	static
../Src/FatFs/ff.c:2114:5:get_ldnumber	8	static
../Src/FatFs/ff.c:2372:9:validate	8	static
../Src/FatFs/ff.c:1703:6:get_fileinfo	24	static
../Src/FatFs/ff.c:700:9:sync_window.part.0	24	static
../Src/FatFs/ff.c:700:9:sync_window	0	static
../Src/FatFs/ff.c:729:9:move_window	16	static
../Src/FatFs/ff.c:2175:6:check_fs	8	static
../Src/FatFs/ff.c:2203:9:find_volume	48	static
../Src/FatFs/ff.c:760:9:sync_fs	16	static
../Src/FatFs/ff.c:1235:7:ld_clust.isra	0	static
../Src/FatFs/ff.c:800:7:clust2sect	0	static
../Src/FatFs/ff.c:818:7:get_fat	24	static
../Src/FatFs/ff.c:1080:9:dir_sdi	16	static
../Src/FatFs/ff.c:873:9:put_fat	24	static
../Src/FatFs/ff.c:990:7:create_chain	24	static
../Src/FatFs/ff.c:1128:9:dir_next	24	static
../Src/FatFs/ff.c:1458:9:dir_find	56	static
../Src/FatFs/ff.c:2052:9:follow_path	48	static
../Src/FatFs/ff.c:1578:9:dir_register	64	static
../Src/FatFs/ff.c:1656:9:dir_remove	16	static
../Src/FatFs/ff.c:1519:9:dir_read.constprop	32	static
../Src/FatFs/ff.c:937:9:remove_chain	16	static
../Src/FatFs/ff.c:2402:9:f_mount	24	static
../Src/FatFs/ff.c:2449:9:f_open	600	static
../Src/FatFs/ff.c:2586:9:f_read	48	static
../Src/FatFs/ff.c:2687:9:f_write	48	static
../Src/FatFs/ff.c:4469:6:putc_bfd	24	static
../Src/FatFs/ff.c:2809:9:f_sync	16	static
../Src/FatFs/ff.c:2857:9:f_close	8	static
../Src/FatFs/ff.c:3029:9:f_lseek	24	static
../Src/FatFs/ff.c:3187:9:f_opendir	544	static
../Src/FatFs/ff.c:3243:9:f_closedir	8	static
../Src/FatFs/ff.c:3275:9:f_readdir	544	static
../Src/FatFs/ff.c:3369:9:f_stat	584	static
../Src/FatFs/ff.c:3404:9:f_getfree	40	static
../Src/FatFs/ff.c:3470:9:f_truncate	16	static
../Src/FatFs/ff.c:3526:9:f_unlink	624	static
../Src/FatFs/ff.c:3595:9:f_mkdir	624	static
../Src/FatFs/ff.c:3669:9:f_chmod	584	static
../Src/FatFs/ff.c:3711:9:f_rename	648	static
../Src/FatFs/ff.c:3789:9:f_utime	576	static
../Src/FatFs/ff.c:4063:9:f_mkfs	72	static
../Src/FatFs/ff.c:4382:8:f_gets	32	static
../Src/FatFs/ff.c:4524:5:f_putc	88	static
../Src/FatFs/ff.c:4551:5:f_puts	88	static
../Src/FatFs/ff.c:4579:5:f_printf	148	static
