../Src/System/sensors.c:101:6:sensorsReadGyro	8	static
../Src/System/sensors.c:118:6:sensorsReadAcc	8	static
../Src/System/sensors.c:123:6:sensorsReadMag	8	static
../Src/System/sensors.c:129:6:sensorsInterruptInit	24	static,ignoring_inline_asm
../Src/System/sensors.c:163:6:sensorsDeviceInit	24	static
../Src/System/sensors.c:233:6:sensorsBiasObjInit	0	static
../Src/System/sensors.c:239:6:sensorsTest	8	static
../Src/System/sensors.c:253:6:sensorsCalculateVarianceAndMean	88	static
../Src/System/sensors.c:278:6:sensorsFindBiasValue	40	static
../Src/System/sensors.c:303:6:sensorsInit	16	static
../Src/System/sensors.c:315:6:sensorsSetupSlaveRead	8	static
../Src/System/sensors.c:347:6:sensorsAddBiasValue	8	static
../Src/System/sensors.c:364:6:processAccScale	24	static
../Src/System/sensors.c:387:6:processGyroBias	16	static
../Src/System/sensors.c:409:6:processMagnetometerMeasurements	12	static
../Src/System/sensors.c:481:6:Get_AccGyroData	32	static
../Src/System/sensors.c:509:6:Get_MagData	16	static
../Src/System/sensors.c:734:6:sensorsAcquire	8	static
../Src/System/sensors.c:535:6:SensorTask	88	static
../Src/System/sensors.c:743:6:applyAxis3fLpf	16	static
../Src/System/sensors.c:439:6:processAccGyroMeasurements	32	static
../Src/System/sensors.c:751:6:sensorsAreCalibrated	0	static
../Src/System/sensors.c:756:6:getSensorRawData	8	static
../Src/System/sensors.c:763:6:getIsMPU9250Present	0	static
../Src/System/sensors.c:773:6:EXTI2_IRQHandler	16	static,ignoring_inline_asm
