../Src/BSP/i2c_oled.c:35:6:I2C2_Init	32	static
../Src/BSP/i2c_oled.c:68:6:I2C2_WriteByte	24	static
../Src/BSP/i2c_oled.c:95:6:OLED_WriteCmd	0	static
../Src/BSP/i2c_oled.c:104:6:OLED_WriteData	0	static
../Src/BSP/i2c_oled.c:110:6:OLED_Init	8	static
../Src/BSP/i2c_oled.c:146:6:OLED_Reset	8	static
../Src/BSP/i2c_oled.c:179:6:OLED_SetPos	8	static
../Src/BSP/i2c_oled.c:187:6:OLED_Fill	16	static
../Src/BSP/i2c_oled.c:202:6:OLED_CLS	152	static
../Src/BSP/i2c_oled.c:221:6:OLED_ON	8	static
../Src/BSP/i2c_oled.c:234:6:OLED_OFF	8	static
../Src/BSP/i2c_oled.c:247:6:OLED_ShowStr	48	static
../Src/BSP/i2c_oled.c:304:6:OLED_ShowCN	32	static
../Src/BSP/i2c_oled.c:331:6:OLED_DrawBMP	32	static
../Src/BSP/i2c_oled.c:359:6:PlayAnimation	5192	static
../Src/BSP/i2c_oled.c:532:6:OLED_ShowParm	128	static
../Src/BSP/i2c_oled.c:412:6:MenuTask	5192	static
