../Src/BSP/motor.c:51:6:TIM1_Init	48	static
../Src/BSP/motor.c:110:6:TIM2_Init	48	static
../Src/BSP/motor.c:169:6:Motor1_Encoder_Init	48	static
../Src/BSP/motor.c:205:6:Motor2_Encoder_Init	48	static
../Src/BSP/motor.c:242:6:TIM5_IRQHandler	8	static
../Src/BSP/motor.c:252:6:TIM4_IRQHandler	8	static
../Src/BSP/motor.c:262:6:Read_Encoder	0	static
../Src/BSP/motor.c:276:6:Motor_PWM_Duty	0	static
../Src/BSP/motor.c:299:6:Set_Motor1_PWM	0	static
../Src/BSP/motor.c:325:6:Set_Motor2_PWM	0	static
../Src/BSP/motor.c:352:6:Motor_Init	8	static
../Src/BSP/motor.c:372:6:Motor1_Brake	0	static
../Src/BSP/motor.c:379:6:Motor2_Brake	0	static
../Src/BSP/motor.c:390:6:Motor1_Speed_Control	24	static
../Src/BSP/motor.c:465:6:Motor2_Speed_Control	24	static
../Src/BSP/motor.c:536:6:Motor_Speed_Calculate	8	static
../Src/BSP/motor.c:571:6:MotorTask	8	static
