../Src/BSP/mpu9250.c:70:6:mpu6500Init	0	static
../Src/BSP/mpu9250.c:239:6:mpu6500EvaluateSelfTest	48	static
../Src/BSP/mpu9250.c:105:6:mpu6500SelfTest	192	static
../Src/BSP/mpu9250.c:273:9:mpu6500GetRate	8	static
../Src/BSP/mpu9250.c:283:6:mpu6500SetRate	0	static
../Src/BSP/mpu9250.c:317:9:mpu6500GetExternalFrameSync	16	static
../Src/BSP/mpu9250.c:328:6:mpu6500SetExternalFrameSync	16	static
../Src/BSP/mpu9250.c:361:9:mpu6500GetDLPFMode	16	static
../Src/BSP/mpu9250.c:375:6:mpu6500SetDLPFMode	16	static
../Src/BSP/mpu9250.c:400:9:mpu6500GetFullScaleGyroRangeId	16	static
../Src/BSP/mpu9250.c:415:7:mpu6500GetFullScaleGyroDPL	8	static
../Src/BSP/mpu9250.c:451:6:mpu6500SetFullScaleGyroRange	16	static
../Src/BSP/mpu9250.c:457:6:mpu6500SetGyroXSelfTest	16	static
../Src/BSP/mpu9250.c:462:6:mpu6500SetGyroYSelfTest	16	static
../Src/BSP/mpu9250.c:467:6:mpu6500SetGyroZSelfTest	16	static
../Src/BSP/mpu9250.c:478:6:mpu6500GetAccelXSelfTest	16	static
../Src/BSP/mpu9250.c:487:6:mpu6500SetAccelXSelfTest	16	static
../Src/BSP/mpu9250.c:495:6:mpu6500GetAccelYSelfTest	16	static
../Src/BSP/mpu9250.c:504:6:mpu6500SetAccelYSelfTest	16	static
../Src/BSP/mpu9250.c:512:6:mpu6500GetAccelZSelfTest	16	static
../Src/BSP/mpu9250.c:521:6:mpu6500SetAccelZSelfTest	16	static
../Src/BSP/mpu9250.c:542:9:mpu6500GetFullScaleAccelRangeId	16	static
../Src/BSP/mpu9250.c:557:7:mpu6500GetFullScaleAccelGPL	8	static
../Src/BSP/mpu9250.c:589:6:mpu6500SetFullScaleAccelRange	16	static
../Src/BSP/mpu9250.c:604:6:mpu6500SetAccelDLPF	16	static
../Src/BSP/mpu9250.c:645:9:mpu6500GetDHPFMode	16	static
../Src/BSP/mpu9250.c:657:6:mpu6500SetDHPFMode	16	static
../Src/BSP/mpu9250.c:671:6:mpu6500GetTempFIFOEnabled	16	static
../Src/BSP/mpu9250.c:681:6:mpu6500SetTempFIFOEnabled	16	static
../Src/BSP/mpu9250.c:691:6:mpu6500GetXGyroFIFOEnabled	16	static
../Src/BSP/mpu9250.c:701:6:mpu6500SetXGyroFIFOEnabled	16	static
../Src/BSP/mpu9250.c:711:6:mpu6500GetYGyroFIFOEnabled	16	static
../Src/BSP/mpu9250.c:721:6:mpu6500SetYGyroFIFOEnabled	16	static
../Src/BSP/mpu9250.c:731:6:mpu6500GetZGyroFIFOEnabled	16	static
../Src/BSP/mpu9250.c:741:6:mpu6500SetZGyroFIFOEnabled	16	static
../Src/BSP/mpu9250.c:752:6:mpu6500GetAccelFIFOEnabled	16	static
../Src/BSP/mpu9250.c:762:6:mpu6500SetAccelFIFOEnabled	16	static
../Src/BSP/mpu9250.c:772:6:mpu6500GetSlave2FIFOEnabled	16	static
../Src/BSP/mpu9250.c:782:6:mpu6500SetSlave2FIFOEnabled	16	static
../Src/BSP/mpu9250.c:792:6:mpu6500GetSlave1FIFOEnabled	16	static
../Src/BSP/mpu9250.c:802:6:mpu6500SetSlave1FIFOEnabled	16	static
../Src/BSP/mpu9250.c:812:6:mpu6500GetSlave0FIFOEnabled	16	static
../Src/BSP/mpu9250.c:822:6:mpu6500SetSlave0FIFOEnabled	16	static
../Src/BSP/mpu9250.c:844:6:mpu6500GetMultiMasterEnabled	16	static
../Src/BSP/mpu9250.c:854:6:mpu6500SetMultiMasterEnabled	16	static
../Src/BSP/mpu9250.c:869:6:mpu6500GetWaitForExternalSensorEnabled	16	static
../Src/BSP/mpu9250.c:879:6:mpu6500SetWaitForExternalSensorEnabled	16	static
../Src/BSP/mpu9250.c:889:6:mpu6500GetSlave3FIFOEnabled	16	static
../Src/BSP/mpu9250.c:899:6:mpu6500SetSlave3FIFOEnabled	16	static
../Src/BSP/mpu9250.c:913:6:mpu6500GetSlaveReadWriteTransitionEnabled	16	static
../Src/BSP/mpu9250.c:923:6:mpu6500SetSlaveReadWriteTransitionEnabled	16	static
../Src/BSP/mpu9250.c:956:9:mpu6500GetMasterClockSpeed	16	static
../Src/BSP/mpu9250.c:966:6:mpu6500SetMasterClockSpeed	16	static
../Src/BSP/mpu9250.c:1015:9:mpu6500GetSlaveAddress	8	static
../Src/BSP/mpu9250.c:1028:6:mpu6500SetSlaveAddress	0	static
../Src/BSP/mpu9250.c:1045:9:mpu6500GetSlaveRegister	8	static
../Src/BSP/mpu9250.c:1058:6:mpu6500SetSlaveRegister	0	static
../Src/BSP/mpu9250.c:1071:6:mpu6500GetSlaveEnabled	16	static
../Src/BSP/mpu9250.c:1084:6:mpu6500SetSlaveEnabled	16	static
../Src/BSP/mpu9250.c:1102:6:mpu6500GetSlaveWordByteSwap	16	static
../Src/BSP/mpu9250.c:1116:6:mpu6500SetSlaveWordByteSwap	16	static
../Src/BSP/mpu9250.c:1133:6:mpu6500GetSlaveWriteMode	16	static
../Src/BSP/mpu9250.c:1147:6:mpu6500SetSlaveWriteMode	16	static
../Src/BSP/mpu9250.c:1165:6:mpu6500GetSlaveWordGroupOffset	16	static
../Src/BSP/mpu9250.c:1178:6:mpu6500SetSlaveWordGroupOffset	16	static
../Src/BSP/mpu9250.c:1192:9:mpu6500GetSlaveDataLength	16	static
../Src/BSP/mpu9250.c:1206:6:mpu6500SetSlaveDataLength	16	static
../Src/BSP/mpu9250.c:1225:9:mpu6500GetSlave4Address	8	static
../Src/BSP/mpu9250.c:1235:6:mpu6500SetSlave4Address	0	static
../Src/BSP/mpu9250.c:1246:9:mpu6500GetSlave4Register	8	static
../Src/BSP/mpu9250.c:1256:6:mpu6500SetSlave4Register	0	static
../Src/BSP/mpu9250.c:1266:6:mpu6500SetSlave4OutputByte	0	static
../Src/BSP/mpu9250.c:1276:6:mpu6500GetSlave4Enabled	16	static
../Src/BSP/mpu9250.c:1286:6:mpu6500SetSlave4Enabled	16	static
../Src/BSP/mpu9250.c:1299:6:mpu6500GetSlave4InterruptEnabled	16	static
../Src/BSP/mpu9250.c:1309:6:mpu6500SetSlave4InterruptEnabled	16	static
../Src/BSP/mpu9250.c:1322:6:mpu6500GetSlave4WriteMode	16	static
../Src/BSP/mpu9250.c:1332:6:mpu6500SetSlave4WriteMode	16	static
../Src/BSP/mpu9250.c:1351:9:mpu6500GetSlave4MasterDelay	16	static
../Src/BSP/mpu9250.c:1362:6:mpu6500SetSlave4MasterDelay	16	static
../Src/BSP/mpu9250.c:1373:9:mpu6500GetSlate4InputByte	8	static
../Src/BSP/mpu9250.c:1390:6:mpu6500GetPassthroughStatus	16	static
../Src/BSP/mpu9250.c:1403:6:mpu6500GetSlave4IsDone	16	static
../Src/BSP/mpu9250.c:1415:6:mpu6500GetLostArbitration	16	static
../Src/BSP/mpu9250.c:1427:6:mpu6500GetSlave4Nack	16	static
../Src/BSP/mpu9250.c:1439:6:mpu6500GetSlave3Nack	16	static
../Src/BSP/mpu9250.c:1451:6:mpu6500GetSlave2Nack	16	static
../Src/BSP/mpu9250.c:1463:6:mpu6500GetSlave1Nack	16	static
../Src/BSP/mpu9250.c:1475:6:mpu6500GetSlave0Nack	16	static
../Src/BSP/mpu9250.c:1489:6:mpu6500GetInterruptMode	16	static
../Src/BSP/mpu9250.c:1500:6:mpu6500SetInterruptMode	16	static
../Src/BSP/mpu9250.c:1510:6:mpu6500GetInterruptDrive	16	static
../Src/BSP/mpu9250.c:1521:6:mpu6500SetInterruptDrive	16	static
../Src/BSP/mpu9250.c:1531:6:mpu6500GetInterruptLatch	16	static
../Src/BSP/mpu9250.c:1542:6:mpu6500SetInterruptLatch	16	static
../Src/BSP/mpu9250.c:1552:6:mpu6500GetInterruptLatchClear	16	static
../Src/BSP/mpu9250.c:1563:6:mpu6500SetInterruptLatchClear	16	static
../Src/BSP/mpu9250.c:1573:6:mpu6500GetFSyncInterruptLevel	16	static
../Src/BSP/mpu9250.c:1584:6:mpu6500SetFSyncInterruptLevel	16	static
../Src/BSP/mpu9250.c:1594:6:mpu6500GetFSyncInterruptEnabled	16	static
../Src/BSP/mpu9250.c:1605:6:mpu6500SetFSyncInterruptEnabled	16	static
../Src/BSP/mpu9250.c:1620:6:mpu6500GetI2CBypassEnabled	16	static
../Src/BSP/mpu9250.c:1636:6:mpu6500SetI2CBypassEnabled	16	static
../Src/BSP/mpu9250.c:1649:6:mpu6500GetClockOutputEnabled	16	static
../Src/BSP/mpu9250.c:1663:6:mpu6500SetClockOutputEnabled	16	static
../Src/BSP/mpu9250.c:1677:9:mpu6500GetIntEnabled	8	static
../Src/BSP/mpu9250.c:1690:6:mpu6500SetIntEnabled	0	static
../Src/BSP/mpu9250.c:1700:6:mpu6500GetIntFreefallEnabled	16	static
../Src/BSP/mpu9250.c:1711:6:mpu6500SetIntFreefallEnabled	16	static
../Src/BSP/mpu9250.c:1721:6:mpu6500GetIntMotionEnabled	16	static
../Src/BSP/mpu9250.c:1732:6:mpu6500SetIntMotionEnabled	16	static
../Src/BSP/mpu9250.c:1742:6:mpu6500GetIntZeroMotionEnabled	16	static
../Src/BSP/mpu9250.c:1753:6:mpu6500SetIntZeroMotionEnabled	16	static
../Src/BSP/mpu9250.c:1763:6:mpu6500GetIntFIFOBufferOverflowEnabled	16	static
../Src/BSP/mpu9250.c:1774:6:mpu6500SetIntFIFOBufferOverflowEnabled	16	static
../Src/BSP/mpu9250.c:1785:6:mpu6500GetIntI2CMasterEnabled	16	static
../Src/BSP/mpu9250.c:1796:6:mpu6500SetIntI2CMasterEnabled	16	static
../Src/BSP/mpu9250.c:1807:6:mpu6500GetIntDataReadyEnabled	16	static
../Src/BSP/mpu9250.c:1818:6:mpu6500SetIntDataReadyEnabled	16	static
../Src/BSP/mpu9250.c:1832:9:mpu6500GetIntStatus	8	static
../Src/BSP/mpu9250.c:1844:6:mpu6500GetIntFreefallStatus	16	static
../Src/BSP/mpu9250.c:1856:6:mpu6500GetIntMotionStatus	16	static
../Src/BSP/mpu9250.c:1868:6:mpu6500GetIntZeroMotionStatus	16	static
../Src/BSP/mpu9250.c:1880:6:mpu6500GetIntFIFOBufferOverflowStatus	16	static
../Src/BSP/mpu9250.c:1893:6:mpu6500GetIntI2CMasterStatus	16	static
../Src/BSP/mpu9250.c:1905:6:mpu6500GetIntDataReadyStatus	16	static
../Src/BSP/mpu9250.c:1947:6:mpu6500GetMotion6	32	static
../Src/BSP/mpu9250.c:1929:6:mpu6500GetMotion9	0	static
../Src/BSP/mpu9250.c:1993:6:mpu6500GetAcceleration	32	static
../Src/BSP/mpu9250.c:2005:9:mpu6500GetAccelerationX	16	static
../Src/BSP/mpu9250.c:2015:9:mpu6500GetAccelerationY	16	static
../Src/BSP/mpu9250.c:2025:9:mpu6500GetAccelerationZ	16	static
../Src/BSP/mpu9250.c:2037:9:mpu6500GetTemperature	16	static
../Src/BSP/mpu9250.c:2077:6:mpu6500GetRotation	32	static
../Src/BSP/mpu9250.c:2089:9:mpu6500GetRotationX	16	static
../Src/BSP/mpu9250.c:2099:9:mpu6500GetRotationY	16	static
../Src/BSP/mpu9250.c:2109:9:mpu6500GetRotationZ	16	static
../Src/BSP/mpu9250.c:2191:9:mpu6500GetExternalSensorByte	8	static
../Src/BSP/mpu9250.c:2201:10:mpu6500GetExternalSensorWord	16	static
../Src/BSP/mpu9250.c:2211:10:mpu6500GetExternalSensorDWord	16	static
../Src/BSP/mpu9250.c:2225:6:mpu6500GetXNegMotionDetected	16	static
../Src/BSP/mpu9250.c:2235:6:mpu6500GetXPosMotionDetected	16	static
../Src/BSP/mpu9250.c:2245:6:mpu6500GetYNegMotionDetected	16	static
../Src/BSP/mpu9250.c:2255:6:mpu6500GetYPosMotionDetected	16	static
../Src/BSP/mpu9250.c:2265:6:mpu6500GetZNegMotionDetected	16	static
../Src/BSP/mpu9250.c:2275:6:mpu6500GetZPosMotionDetected	16	static
../Src/BSP/mpu9250.c:2285:6:mpu6500GetZeroMotionDetected	16	static
../Src/BSP/mpu9250.c:2301:6:mpu6500SetSlaveOutputByte	0	static
../Src/BSP/mpu9250.c:2318:6:mpu6500GetExternalShadowDelayEnabled	16	static
../Src/BSP/mpu9250.c:2330:6:mpu6500SetExternalShadowDelayEnabled	16	static
../Src/BSP/mpu9250.c:2353:6:mpu6500GetSlaveDelayEnabled	16	static
../Src/BSP/mpu9250.c:2367:6:mpu6500SetSlaveDelayEnabled	16	static
../Src/BSP/mpu9250.c:2380:6:mpu6500ResetGyroscopePath	16	static
../Src/BSP/mpu9250.c:2390:6:mpu6500ResetAccelerometerPath	16	static
../Src/BSP/mpu9250.c:2400:6:mpu6500ResetTemperaturePath	16	static
../Src/BSP/mpu9250.c:2421:9:mpu6500GetAccelerometerPowerOnDelay	16	static
../Src/BSP/mpu9250.c:2433:6:mpu6500SetAccelerometerPowerOnDelay	16	static
../Src/BSP/mpu9250.c:2464:9:mpu6500GetFreefallDetectionCounterDecrement	16	static
../Src/BSP/mpu9250.c:2476:6:mpu6500SetFreefallDetectionCounterDecrement	16	static
../Src/BSP/mpu9250.c:2504:9:mpu6500GetMotionDetectionCounterDecrement	16	static
../Src/BSP/mpu9250.c:2516:6:mpu6500SetMotionDetectionCounterDecrement	16	static
../Src/BSP/mpu9250.c:2532:6:mpu6500GetFIFOEnabled	16	static
../Src/BSP/mpu9250.c:2543:6:mpu6500SetFIFOEnabled	16	static
../Src/BSP/mpu9250.c:2558:6:mpu6500GetI2CMasterModeEnabled	16	static
../Src/BSP/mpu9250.c:2569:6:mpu6500SetI2CMasterModeEnabled	16	static
../Src/BSP/mpu9250.c:2577:6:mpu6500SwitchSPIEnabled	16	static
../Src/BSP/mpu9250.c:2587:6:mpu6500ResetFIFO	16	static
../Src/BSP/mpu9250.c:2597:6:mpu6500ResetI2CMaster	16	static
../Src/BSP/mpu9250.c:2613:6:mpu6500ResetSensors	16	static
../Src/BSP/mpu9250.c:2625:6:mpu6500Reset	16	static
../Src/BSP/mpu9250.c:2640:6:mpu6500GetSleepEnabled	16	static
../Src/BSP/mpu9250.c:2651:6:mpu6500SetSleepEnabled	16	static
../Src/BSP/mpu9250.c:2663:6:mpu6500GetWakeCycleEnabled	16	static
../Src/BSP/mpu9250.c:2674:6:mpu6500SetWakeCycleEnabled	16	static
../Src/BSP/mpu9250.c:2689:6:mpu6500GetTempSensorEnabled	16	static
../Src/BSP/mpu9250.c:2704:6:mpu6500SetTempSensorEnabled	16	static
../Src/BSP/mpu9250.c:2715:9:mpu6500GetClockSource	16	static
../Src/BSP/mpu9250.c:2751:6:mpu6500SetClockSource	16	static
../Src/BSP/mpu9250.c:2782:9:mpu6500GetWakeFrequency	16	static
../Src/BSP/mpu9250.c:2792:6:mpu6500SetWakeFrequency	16	static
../Src/BSP/mpu9250.c:2804:6:mpu6500GetStandbyXAccelEnabled	16	static
../Src/BSP/mpu9250.c:2815:6:mpu6500SetStandbyXAccelEnabled	16	static
../Src/BSP/mpu9250.c:2825:6:mpu6500GetStandbyYAccelEnabled	16	static
../Src/BSP/mpu9250.c:2836:6:mpu6500SetStandbyYAccelEnabled	16	static
../Src/BSP/mpu9250.c:2846:6:mpu6500GetStandbyZAccelEnabled	16	static
../Src/BSP/mpu9250.c:2857:6:mpu6500SetStandbyZAccelEnabled	16	static
../Src/BSP/mpu9250.c:2867:6:mpu6500GetStandbyXGyroEnabled	16	static
../Src/BSP/mpu9250.c:2878:6:mpu6500SetStandbyXGyroEnabled	16	static
../Src/BSP/mpu9250.c:2888:6:mpu6500GetStandbyYGyroEnabled	16	static
../Src/BSP/mpu9250.c:2899:6:mpu6500SetStandbyYGyroEnabled	16	static
../Src/BSP/mpu9250.c:2909:6:mpu6500GetStandbyZGyroEnabled	16	static
../Src/BSP/mpu9250.c:2920:6:mpu6500SetStandbyZGyroEnabled	16	static
../Src/BSP/mpu9250.c:2934:10:mpu6500GetFIFOCount	16	static
../Src/BSP/mpu9250.c:2967:9:mpu6500GetFIFOByte	8	static
../Src/BSP/mpu9250.c:2972:6:mpu6500GetFIFOBytes	16	static
../Src/BSP/mpu9250.c:2980:6:mpu6500SetFIFOByte	0	static
../Src/BSP/mpu9250.c:2994:9:mpu6500GetDeviceID	8	static
../Src/BSP/mpu9250.c:97:6:mpu6500TestConnection	8	static
../Src/BSP/mpu9250.c:81:6:mpu6500Test	0	static
../Src/BSP/mpu9250.c:3010:6:mpu6500SetDeviceID	16	static
../Src/BSP/mpu9250.c:3022:6:mpu6500GetIntPLLReadyEnabled	16	static
../Src/BSP/mpu9250.c:3027:6:mpu6500SetIntPLLReadyEnabled	16	static
../Src/BSP/mpu9250.c:3031:6:mpu6500GetIntDMPEnabled	16	static
../Src/BSP/mpu9250.c:3036:6:mpu6500SetIntDMPEnabled	16	static
../Src/BSP/mpu9250.c:3043:6:mpu6500GetDMPInt5Status	16	static
../Src/BSP/mpu9250.c:3048:6:mpu6500GetDMPInt4Status	16	static
../Src/BSP/mpu9250.c:3053:6:mpu6500GetDMPInt3Status	16	static
../Src/BSP/mpu9250.c:3058:6:mpu6500GetDMPInt2Status	16	static
../Src/BSP/mpu9250.c:3063:6:mpu6500GetDMPInt1Status	16	static
../Src/BSP/mpu9250.c:3068:6:mpu6500GetDMPInt0Status	16	static
../Src/BSP/mpu9250.c:3076:6:mpu6500GetIntPLLReadyStatus	16	static
../Src/BSP/mpu9250.c:3081:6:mpu6500GetIntDMPStatus	16	static
../Src/BSP/mpu9250.c:3089:6:mpu6500GetDMPEnabled	16	static
../Src/BSP/mpu9250.c:3094:6:mpu6500SetDMPEnabled	16	static
../Src/BSP/mpu9250.c:3098:6:mpu6500ResetDMP	16	static
../Src/BSP/mpu9250.c:3105:6:mpu6500SetMemoryBank	0	static
../Src/BSP/mpu9250.c:3117:6:mpu6500SetMemoryStartAddress	0	static
../Src/BSP/mpu9250.c:3124:9:mpu6500ReadMemoryByte	8	static
../Src/BSP/mpu9250.c:3129:6:mpu6500WriteMemoryByte	0	static
../Src/BSP/mpu9250.c:3133:6:mpu6500ReadMemoryBlock	56	static
../Src/BSP/mpu9250.c:3172:6:mpu6500WriteMemoryBlock	56	static
../Src/BSP/mpu9250.c:3252:6:mpu6500WriteProgMemoryBlock	4	static
../Src/BSP/mpu9250.c:3258:6:mpu6500WriteDMPConfigurationSet	24	static
../Src/BSP/mpu9250.c:3323:6:mpu6500WriteProgDMPConfigurationSet	0	static
../Src/BSP/mpu9250.c:3330:9:mpu6500GetDMPConfig1	8	static
../Src/BSP/mpu9250.c:3335:6:mpu6500SetDMPConfig1	0	static
../Src/BSP/mpu9250.c:3342:9:mpu6500GetDMPConfig2	8	static
../Src/BSP/mpu9250.c:3347:6:mpu6500SetDMPConfig2	0	static
