../Src/BSP/nrf24l01.c:27:13:NRF_LowLevel_Init	72	static
../Src/BSP/nrf24l01.c:90:16:SPI_RWByte.constprop	8	static
../Src/BSP/nrf24l01.c:105:16:writeReg	16	static
../Src/BSP/nrf24l01.c:116:16:readReg	16	static
../Src/BSP/nrf24l01.c:142:16:writeBuf	16	static
../Src/BSP/nrf24l01.c:127:16:readBuf.isra	16	static
../Src/BSP/nrf24l01.c:157:6:nrf_txPacket	16	static
../Src/BSP/nrf24l01.c:182:6:nrf_txPacket_test	48	static
../Src/BSP/nrf24l01.c:203:6:nrf_txPacketNoACK	16	static
../Src/BSP/nrf24l01.c:211:6:nrf_txPacket_AP	16	static
../Src/BSP/nrf24l01.c:219:6:nrf_sendPacketNoACK	16	static
../Src/BSP/nrf24l01.c:227:6:nrf_setAddress	8	static
../Src/BSP/nrf24l01.c:235:6:nrf_setChannel	0	static
../Src/BSP/nrf24l01.c:244:6:nrf_setDataRate	8	static
../Src/BSP/nrf24l01.c:264:6:nrf_setPower	8	static
../Src/BSP/nrf24l01.c:288:6:nrf_setArd	8	static
../Src/BSP/nrf24l01.c:307:6:nrf_setArc	8	static
../Src/BSP/nrf24l01.c:321:9:nrf_getRpd	0	static
../Src/BSP/nrf24l01.c:327:9:nrf_getTxRetry	8	static
../Src/BSP/nrf24l01.c:337:6:NRF_Init	16	static
../Src/BSP/nrf24l01.c:372:13:nrf_check	24	static
../Src/BSP/nrf24l01.c:392:9:nrf_rxPacket	16	static
../Src/BSP/nrf24l01.c:408:12:nrf_checkEventandRxPacket	16	static
../Src/BSP/nrf24l01.c:438:9:nrf_sendPacketWaitACK	16	static
../Src/BSP/nrf24l01.c:450:6:nrf_setIterruptCallback	0	static
../Src/BSP/nrf24l01.c:456:6:EXTI15_10_IRQHandler	8	static
