../Src/BSP/spi_flash.c:27:6:SPI_FLASH_Init	32	static
../Src/BSP/spi_flash.c:403:4:SPI_FLASH_SendByte	24	static
../Src/BSP/spi_flash.c:272:6:SPI_FLASH_BufferRead	16	static
../Src/BSP/spi_flash.c:305:5:SPI_FLASH_ReadID	24	static
../Src/BSP/spi_flash.c:337:5:SPI_FLASH_ReadDeviceID	16	static
../Src/BSP/spi_flash.c:370:6:SPI_FLASH_StartReadSequence	8	static
../Src/BSP/spi_flash.c:393:4:SPI_FLASH_ReadByte	0	static
../Src/BSP/spi_flash.c:431:5:SPI_FLASH_SendHalfWord	16	static
../Src/BSP/spi_flash.c:458:6:SPI_FLASH_WriteEnable	8	static
../Src/BSP/spi_flash.c:478:6:SPI_FLASH_WaitForWriteEnd	8	static
../Src/BSP/spi_flash.c:82:6:SPI_FLASH_SectorErase	16	static
../Src/BSP/spi_flash.c:109:6:SPI_FLASH_BulkErase	8	static
../Src/BSP/spi_flash.c:133:6:SPI_FLASH_PageWrite	16	static
../Src/BSP/spi_flash.c:178:6:SPI_FLASH_BufferWrite	32	static
../Src/BSP/spi_flash.c:502:6:SPI_Flash_PowerDown	8	static
../Src/BSP/spi_flash.c:515:6:SPI_Flash_WAKEUP	8	static
