../Src/BSP/usart1.c:42:6:USART1_Init	40	static
../Src/BSP/usart1.c:101:6:USART1_IRQHandler	16	static
../Src/BSP/usart1.c:182:6:Usart1LinkStatus	0	static
../Src/BSP/usart1.c:233:6:ProcessMsg	56	static
../Src/BSP/usart1.c:189:6:Usart1Task	64	static
d:\program files\stm32cubeide_1.10.1\stm32cubeide\plugins\com.st.stm32cube.ide.mcu.externaltools.gnu-tools-for-stm32.10.3-2021.10.win32_1.0.200.202301161003\tools\arm-none-eabi\include\stdio.h:214:5:fputc	16	static
d:\program files\stm32cubeide_1.10.1\stm32cubeide\plugins\com.st.stm32cube.ide.mcu.externaltools.gnu-tools-for-stm32.10.3-2021.10.win32_1.0.200.202301161003\tools\arm-none-eabi\include\stdio.h:212:5:fgetc	8	static
