../Src/BSP/usart1.c:44:6:USART1_Init	40	static
../Src/BSP/usart1.c:107:6:USART1_IRQHandler	16	static
../Src/BSP/usart1.c:188:6:Usart1LinkStatus	0	static
../Src/BSP/usart1.c:239:6:ProcessMsg	56	static
../Src/BSP/usart1.c:195:6:Usart1Task	64	static
../Src/BSP/usart1.c:496:5:_isatty	8	static
../Src/BSP/usart1.c:505:5:_getpid	0	static
../Src/BSP/usart1.c:510:5:_kill	8	static
../Src/BSP/usart1.c:517:5:_write	24	static
../Src/BSP/usart1.c:528:5:_read	24	static
../Src/BSP/usart1.c:541:5:_close	8	static
../Src/BSP/usart1.c:551:5:_lseek	8	static
../Src/BSP/usart1.c:561:5:_fstat	8	static
