../Src/FreeRTOS/event_groups.c:174:21:xEventGroupCreate	8	static
../Src/FreeRTOS/event_groups.c:324:13:xEventGroupWaitBits	32	static,ignoring_inline_asm
../Src/FreeRTOS/event_groups.c:472:13:xEventGroupClearBits	16	static
../Src/FreeRTOS/event_groups.c:514:13:xEventGroupGetBitsFromISR	0	static,ignoring_inline_asm
../Src/FreeRTOS/event_groups.c:530:13:xEventGroupSetBits	24	static
../Src/FreeRTOS/event_groups.c:208:13:xEventGroupSync	24	static,ignoring_inline_asm
../Src/FreeRTOS/event_groups.c:624:6:vEventGroupDelete	24	static
../Src/FreeRTOS/event_groups.c:668:6:vEventGroupSetBitsCallback	0	static
../Src/FreeRTOS/event_groups.c:676:6:vEventGroupClearBitsCallback	0	static
../Src/FreeRTOS/event_groups.c:734:14:uxEventGroupGetNumber	0	static
