../Src/FreeRTOS/queue.c:1697:19:prvCopyDataToQueue	24	static
../Src/FreeRTOS/queue.c:2503:20:prvNotifyQueueSetContainer	24	static
../Src/FreeRTOS/queue.c:1776:13:prvCopyDataFromQueue	4	static
../Src/FreeRTOS/queue.c:1794:13:prvUnlockQueue	16	static
../Src/FreeRTOS/queue.c:279:12:xQueueGenericReset	16	static,ignoring_inline_asm
../Src/FreeRTOS/queue.c:386:16:xQueueGenericCreate	24	static
../Src/FreeRTOS/queue.c:697:16:xQueueCreateCountingSemaphore	16	static
../Src/FreeRTOS/queue.c:723:12:xQueueGenericSend	48	static,ignoring_inline_asm
../Src/FreeRTOS/queue.c:506:16:xQueueCreateMutex	8	static
../Src/FreeRTOS/queue.c:572:13:xQueueGiveMutexRecursive	16	static
../Src/FreeRTOS/queue.c:921:12:xQueueGenericSendFromISR	32	static,ignoring_inline_asm
../Src/FreeRTOS/queue.c:1072:12:xQueueGiveFromISR	16	static,ignoring_inline_asm
../Src/FreeRTOS/queue.c:1237:12:xQueueGenericReceive	48	static,ignoring_inline_asm
../Src/FreeRTOS/queue.c:627:13:xQueueTakeMutexRecursive	16	static
../Src/FreeRTOS/queue.c:1434:12:xQueueReceiveFromISR	32	static,ignoring_inline_asm
../Src/FreeRTOS/queue.c:1525:12:xQueuePeekFromISR	24	static,ignoring_inline_asm
../Src/FreeRTOS/queue.c:1579:13:uxQueueMessagesWaiting	8	static
../Src/FreeRTOS/queue.c:1595:13:uxQueueSpacesAvailable	8	static
../Src/FreeRTOS/queue.c:1613:13:uxQueueMessagesWaitingFromISR	8	static
../Src/FreeRTOS/queue.c:1669:14:uxQueueGetQueueNumber	0	static
../Src/FreeRTOS/queue.c:1679:7:vQueueSetQueueNumber	0	static
../Src/FreeRTOS/queue.c:1689:10:ucQueueGetQueueType	0	static
../Src/FreeRTOS/queue.c:1935:12:xQueueIsQueueEmptyFromISR	8	static
../Src/FreeRTOS/queue.c:1974:12:xQueueIsQueueFullFromISR	8	static
../Src/FreeRTOS/queue.c:2269:7:vQueueAddToRegistry	8	static
../Src/FreeRTOS/queue.c:2298:14:pcQueueGetName	0	static
../Src/FreeRTOS/queue.c:2326:7:vQueueUnregisterQueue	8	static
../Src/FreeRTOS/queue.c:1625:6:vQueueDelete	8	static
../Src/FreeRTOS/queue.c:2358:7:vQueueWaitForMessageRestricted	16	static
../Src/FreeRTOS/queue.c:2394:19:xQueueCreateSet	0	static
../Src/FreeRTOS/queue.c:2408:13:xQueueAddToSet	16	static
../Src/FreeRTOS/queue.c:2441:13:xQueueRemoveFromSet	16	static
../Src/FreeRTOS/queue.c:2477:25:xQueueSelectFromSet	16	static
../Src/FreeRTOS/queue.c:2490:25:xQueueSelectFromSetFromISR	16	static
