Component: ARM Compiler 5.06 update 7 (build 960) Tool: armlink [4d3601]

==============================================================================

Section Cross References

    main.o(i.main) refers to misc.o(i.NVIC_PriorityGroupConfig) for NVIC_PriorityGroupConfig
    main.o(i.main) refers to delay.o(i.Delay_Init) for Delay_Init
    main.o(i.main) refers to buzzer.o(i.Buzzer_Init) for Buzzer_Init
    main.o(i.main) refers to key.o(i.UserKey_Init) for UserKey_Init
    main.o(i.main) refers to led.o(i.LED_Init) for LED_Init
    main.o(i.main) refers to usart1.o(i.USART1_Init) for USART1_Init
    main.o(i.main) refers to printfa.o(i.__0printf) for __2printf
    main.o(i.main) refers to uart4.o(i.UART4_Init) for UART4_Init
    main.o(i.main) refers to uart5.o(i.UART5_Init) for UART5_Init
    main.o(i.main) refers to i2c_device.o(i.i2cdevInit) for i2cdevInit
    main.o(i.main) refers to flash.o(i.LoadConfigData) for LoadConfigData
    main.o(i.main) refers to utils.o(i.FileSystem_Init) for FileSystem_Init
    main.o(i.main) refers to adc.o(i.ADCx_Init) for ADCx_Init
    main.o(i.main) refers to servo.o(i.Servo_Init) for Servo_Init
    main.o(i.main) refers to can.o(i.CAN_Mode_Init) for CAN_Mode_Init
    main.o(i.main) refers to tasks.o(i.xTaskCreate) for xTaskCreate
    main.o(i.main) refers to tasks.o(i.vTaskStartScheduler) for vTaskStartScheduler
    main.o(i.main) refers to ff.o(i.f_mount) for f_mount
    main.o(i.main) refers to i2c_driver.o(.data) for sensorsBus
    main.o(i.main) refers to main.o(.data) for startTaskHandle
    main.o(i.main) refers to main.o(i.startTask) for startTask
    main.o(i.startTask) refers to port.o(i.vPortEnterCritical) for vPortEnterCritical
    main.o(i.startTask) refers to heap_4.o(i.xPortGetFreeHeapSize) for xPortGetFreeHeapSize
    main.o(i.startTask) refers to printfa.o(i.__0printf) for __2printf
    main.o(i.startTask) refers to tasks.o(i.xTaskCreate) for xTaskCreate
    main.o(i.startTask) refers to tasks.o(i.vTaskDelete) for vTaskDelete
    main.o(i.startTask) refers to port.o(i.vPortExitCritical) for vPortExitCritical
    main.o(i.startTask) refers to sensors.o(i.SensorTask) for SensorTask
    main.o(i.startTask) refers to i2c_oled.o(i.MenuTask) for MenuTask
    main.o(i.startTask) refers to power_control.o(i.PowerTask) for PowerTask
    main.o(i.startTask) refers to motor.o(i.MotorTask) for MotorTask
    main.o(i.startTask) refers to radio.o(i.RadioTask) for RadioTask
    main.o(i.startTask) refers to usart1.o(i.Usart1Task) for Usart1Task
    main.o(i.startTask) refers to uart4.o(i.Uart4Task) for Uart4Task
    main.o(i.startTask) refers to uart5.o(i.Uart5Task) for Uart5Task
    main.o(i.startTask) refers to main.o(.data) for startTaskHandle
    main.o(i.vApplicationIdleHook) refers to stm32f10x_it.o(i.getSysTickCnt) for getSysTickCnt
    main.o(i.vApplicationIdleHook) refers to stm32f10x_iwdg.o(i.IWDG_ReloadCounter) for IWDG_ReloadCounter
    main.o(i.vApplicationIdleHook) refers to can.o(i.CanSendMsg) for CanSendMsg
    main.o(i.vApplicationIdleHook) refers to main.o(.data) for can_buf
    main.o(i.vApplicationMallocFailedHook) refers to printfa.o(i.__0printf) for __2printf
    main.o(i.vApplicationStackOverflowHook) refers to printfa.o(i.__0printf) for __2printf
    stm32f10x_it.o(.emb_text) refers to stm32f10x_it.o(i.printHardFault) for printHardFault
    stm32f10x_it.o(i.MemManage_Handler) refers to stm32f10x_it.o(.data) for memory_fault_index
    stm32f10x_it.o(i.SysTick_Handler) refers to tasks.o(i.xTaskGetSchedulerState) for xTaskGetSchedulerState
    stm32f10x_it.o(i.SysTick_Handler) refers to port.o(i.xPortSysTickHandler) for xPortSysTickHandler
    stm32f10x_it.o(i.SysTick_Handler) refers to stm32f10x_it.o(.data) for sysTickCnt
    stm32f10x_it.o(i.getSysTickCnt) refers to tasks.o(i.xTaskGetSchedulerState) for xTaskGetSchedulerState
    stm32f10x_it.o(i.getSysTickCnt) refers to tasks.o(i.xTaskGetTickCount) for xTaskGetTickCount
    stm32f10x_it.o(i.getSysTickCnt) refers to stm32f10x_it.o(.data) for sysTickCnt
    stm32f10x_it.o(i.printHardFault) refers to printfa.o(i.__0printf) for __2printf
    stm32f10x_it.o(i.printHardFault) refers to stm32f10x_it.o(.data) for hard_fault_index
    sensors.o(i.EXTI2_IRQHandler) refers to stm32f10x_exti.o(i.EXTI_GetITStatus) for EXTI_GetITStatus
    sensors.o(i.EXTI2_IRQHandler) refers to stm32f10x_exti.o(i.EXTI_ClearITPendingBit) for EXTI_ClearITPendingBit
    sensors.o(i.EXTI2_IRQHandler) refers to queue.o(i.xQueueGiveFromISR) for xQueueGiveFromISR
    sensors.o(i.EXTI2_IRQHandler) refers to sensors.o(.data) for sensorsDataReady
    sensors.o(i.Get_AccGyroData) refers to fflti.o(.text) for __aeabi_i2f
    sensors.o(i.Get_AccGyroData) refers to fadd.o(.text) for __aeabi_fsub
    sensors.o(i.Get_AccGyroData) refers to fmul.o(.text) for __aeabi_fmul
    sensors.o(i.Get_AccGyroData) refers to sensors.o(.bss) for sensor_raw
    sensors.o(i.Get_MagData) refers to fflti.o(.text) for __aeabi_i2f
[...]
    TIM5_IRQHandler                          0x0800528d   Thumb Code    18  motor.o(i.TIM5_IRQHandler)
    TIM8_Init                                0x080052a5   Thumb Code   212  servo.o(i.TIM8_Init)
    TIM_ClearFlag                            0x08005381   Thumb Code     6  stm32f10x_tim.o(i.TIM_ClearFlag)
    TIM_Cmd                                  0x08005387   Thumb Code    24  stm32f10x_tim.o(i.TIM_Cmd)
    TIM_CtrlPWMOutputs                       0x0800539f   Thumb Code    30  stm32f10x_tim.o(i.TIM_CtrlPWMOutputs)
    TIM_ITConfig                             0x080053bd   Thumb Code    18  stm32f10x_tim.o(i.TIM_ITConfig)
    TIM_OC1Init                              0x080053d1   Thumb Code   132  stm32f10x_tim.o(i.TIM_OC1Init)
    TIM_OC1PreloadConfig                     0x08005469   Thumb Code    18  stm32f10x_tim.o(i.TIM_OC1PreloadConfig)
    TIM_OC2Init                              0x0800547d   Thumb Code   154  stm32f10x_tim.o(i.TIM_OC2Init)
    TIM_OC2PreloadConfig                     0x08005521   Thumb Code    26  stm32f10x_tim.o(i.TIM_OC2PreloadConfig)
    TIM_OC3Init                              0x0800553d   Thumb Code   150  stm32f10x_tim.o(i.TIM_OC3Init)
    TIM_OC3PreloadConfig                     0x080055dd   Thumb Code    18  stm32f10x_tim.o(i.TIM_OC3PreloadConfig)
    TIM_OC4Init                              0x080055f1   Thumb Code   114  stm32f10x_tim.o(i.TIM_OC4Init)
    TIM_OC4PreloadConfig                     0x0800566d   Thumb Code    26  stm32f10x_tim.o(i.TIM_OC4PreloadConfig)
    TIM_TimeBaseInit                         0x08005689   Thumb Code   122  stm32f10x_tim.o(i.TIM_TimeBaseInit)
    UART4_IRQHandler                         0x0800572d   Thumb Code   102  uart4.o(i.UART4_IRQHandler)
    UART4_Init                               0x080057a5   Thumb Code   192  uart4.o(i.UART4_Init)
    UART5_IRQHandler                         0x0800586d   Thumb Code   102  uart5.o(i.UART5_IRQHandler)
    UART5_Init                               0x080058e5   Thumb Code   188  uart5.o(i.UART5_Init)
    USART1_IRQHandler                        0x080059ad   Thumb Code   282  usart1.o(i.USART1_IRQHandler)
    USART1_Init                              0x08005ad9   Thumb Code   154  usart1.o(i.USART1_Init)
    USART_ClockInit                          0x08005b7d   Thumb Code    34  stm32f10x_usart.o(i.USART_ClockInit)
    USART_Cmd                                0x08005b9f   Thumb Code    24  stm32f10x_usart.o(i.USART_Cmd)
    USART_GetFlagStatus                      0x08005bb7   Thumb Code    26  stm32f10x_usart.o(i.USART_GetFlagStatus)
    USART_GetITStatus                        0x08005bd1   Thumb Code    84  stm32f10x_usart.o(i.USART_GetITStatus)
    USART_ITConfig                           0x08005c25   Thumb Code    74  stm32f10x_usart.o(i.USART_ITConfig)
    USART_Init                               0x08005c71   Thumb Code   210  stm32f10x_usart.o(i.USART_Init)
    USART_ReceiveData                        0x08005d49   Thumb Code    10  stm32f10x_usart.o(i.USART_ReceiveData)
    USART_SendData                           0x08005d53   Thumb Code     8  stm32f10x_usart.o(i.USART_SendData)
    Uart4Task                                0x08005d5d   Thumb Code    82  uart4.o(i.Uart4Task)
    Uart5Task                                0x08005db9   Thumb Code    92  uart5.o(i.Uart5Task)
    UsageFault_Handler                       0x08005e41   Thumb Code     4  stm32f10x_it.o(i.UsageFault_Handler)
    Usart1LinkStatus                         0x08005e45   Thumb Code     6  usart1.o(i.Usart1LinkStatus)
    Usart1Task                               0x08005e51   Thumb Code    98  usart1.o(i.Usart1Task)
    UserKey_Init                             0x08005ec1   Thumb Code    38  key.o(i.UserKey_Init)
    __0printf                                0x08005eed   Thumb Code    22  printfa.o(i.__0printf)
    __1printf                                0x08005eed   Thumb Code     0  printfa.o(i.__0printf)
    __2printf                                0x08005eed   Thumb Code     0  printfa.o(i.__0printf)
    __c89printf                              0x08005eed   Thumb Code     0  printfa.o(i.__0printf)
    printf                                   0x08005eed   Thumb Code     0  printfa.o(i.__0printf)
    __0sprintf                               0x08005f0d   Thumb Code    34  printfa.o(i.__0sprintf)
    __1sprintf                               0x08005f0d   Thumb Code     0  printfa.o(i.__0sprintf)
    __2sprintf                               0x08005f0d   Thumb Code     0  printfa.o(i.__0sprintf)
    __c89sprintf                             0x08005f0d   Thumb Code     0  printfa.o(i.__0sprintf)
    sprintf                                  0x08005f0d   Thumb Code     0  printfa.o(i.__0sprintf)
    __ARM_fpclassify                         0x08005f35   Thumb Code    40  fpclassify.o(i.__ARM_fpclassify)
    __ARM_fpclassifyf                        0x08005f5d   Thumb Code    38  fpclassifyf.o(i.__ARM_fpclassifyf)
    __kernel_poly                            0x08005f83   Thumb Code   170  poly.o(i.__kernel_poly)
    __mathlib_dbl_infnan                     0x0800602d   Thumb Code     6  dunder.o(i.__mathlib_dbl_infnan)
    __mathlib_dbl_underflow                  0x08006035   Thumb Code    10  dunder.o(i.__mathlib_dbl_underflow)
    __mathlib_flt_infnan                     0x08006045   Thumb Code     6  funder.o(i.__mathlib_flt_infnan)
    __mathlib_flt_invalid                    0x0800604b   Thumb Code     8  funder.o(i.__mathlib_flt_invalid)
    __mathlib_flt_underflow                  0x08006053   Thumb Code    10  funder.o(i.__mathlib_flt_underflow)
    __mathlib_rredf2                         0x0800605d   Thumb Code   344  rredf.o(i.__mathlib_rredf2)
    __scatterload_copy                       0x080061c5   Thumb Code    14  handlers.o(i.__scatterload_copy)
    __scatterload_null                       0x080061d3   Thumb Code     2  handlers.o(i.__scatterload_null)
    __scatterload_zeroinit                   0x080061d5   Thumb Code    14  handlers.o(i.__scatterload_zeroinit)
    __set_errno                              0x080061e5   Thumb Code     6  errno.o(i.__set_errno)
    ak8963Init                               0x08006a85   Thumb Code    22  ak8963.o(i.ak8963Init)
    ak8963SetMode                            0x08006aa9   Thumb Code    22  ak8963.o(i.ak8963SetMode)
    ak8963TestConnection                     0x08006ac9   Thumb Code    40  ak8963.o(i.ak8963TestConnection)
    assertFail                               0x08006afd   Thumb Code    44  utils.o(i.assertFail)
    atan                                     0x08006b41   Thumb Code   474  atan.o(i.atan)
    clust2sect                               0x08006e05   Thumb Code    26  ff.o(i.clust2sect)
    cosf                                     0x08006ec1   Thumb Code   328  cosf.o(i.cosf)
    delay_ms                                 0x08007385   Thumb Code    62  delay.o(i.delay_ms)
    delay_us                                 0x080073c9   Thumb Code    68  delay.o(i.delay_us)
    disk_initialize                          0x08007949   Thumb Code    58  diskio.o(i.disk_initialize)
    disk_ioctl                               0x08007983   Thumb Code    66  diskio.o(i.disk_ioctl)
    disk_read                                0x080079c5   Thumb Code    62  diskio.o(i.disk_read)
    disk_status                              0x08007a05   Thumb Code    46  diskio.o(i.disk_status)
    disk_write                               0x08007a39   Thumb Code    78  diskio.o(i.disk_write)
    f_close                                  0x08007a87   Thumb Code    32  ff.o(i.f_close)
    f_getfree                                0x08007aa7   Thumb Code   258  ff.o(i.f_getfree)
    f_lseek                                  0x08007ba9   Thumb Code   410  ff.o(i.f_lseek)
    f_mkfs                                   0x08007d45   Thumb Code  1622  ff.o(i.f_mkfs)
    f_mount                                  0x080083c9   Thumb Code    86  ff.o(i.f_mount)
    f_open                                   0x08008425   Thumb Code   382  ff.o(i.f_open)
    f_opendir                                0x080085a3   Thumb Code   118  ff.o(i.f_opendir)
    f_read                                   0x08008619   Thumb Code   464  ff.o(i.f_read)
    f_readdir                                0x080087e9   Thumb Code   100  ff.o(i.f_readdir)
    f_sync                                   0x0800884d   Thumb Code   176  ff.o(i.f_sync)
    ff_convert                               0x080088fd   Thumb Code   116  cc936.o(i.ff_convert)
    ff_wtoupper                              0x08008979   Thumb Code    84  cc936.o(i.ff_wtoupper)
    fputc                                    0x08008ebd   Thumb Code    32  usart1.o(i.fputc)
    getSysTickCnt                            0x08008fad   Thumb Code    22  stm32f10x_it.o(i.getSysTickCnt)
    get_fat                                  0x08008fc9   Thumb Code   318  ff.o(i.get_fat)
    get_fattime                              0x08009109   Thumb Code     4  diskio.o(i.get_fattime)
    i2cdevInit                               0x080092b7   Thumb Code    14  i2c_device.o(i.i2cdevInit)
    i2cdevRead                               0x080092c5   Thumb Code    68  i2c_device.o(i.i2cdevRead)
    i2cdevReadByte                           0x08009309   Thumb Code    26  i2c_device.o(i.i2cdevReadByte)
    i2cdevWrite                              0x08009323   Thumb Code    68  i2c_device.o(i.i2cdevWrite)
    i2cdevWriteBit                           0x08009367   Thumb Code    80  i2c_device.o(i.i2cdevWriteBit)
    i2cdevWriteBits                          0x080093b7   Thumb Code   100  i2c_device.o(i.i2cdevWriteBits)
    i2cdevWriteByte                          0x0800941b   Thumb Code    30  i2c_device.o(i.i2cdevWriteByte)
    i2cdrvCreateMessage                      0x08009471   Thumb Code    32  i2c_driver.o(i.i2cdrvCreateMessage)
    i2cdrvCreateMessageIntAddr               0x08009491   Thumb Code    28  i2c_driver.o(i.i2cdrvCreateMessageIntAddr)
    i2cdrvInit                               0x080097bb   Thumb Code    12  i2c_driver.o(i.i2cdrvInit)
    i2cdrvMessageTransfer                    0x080098fd   Thumb Code    96  i2c_driver.o(i.i2cdrvMessageTransfer)
    lpf2pInit                                0x08009ae5   Thumb Code    36  filter.o(i.lpf2pInit)
    lpf2pSetCutoffFreq                       0x08009b09   Thumb Code   234  filter.o(i.lpf2pSetCutoffFreq)
    main                                     0x08009bfd   Thumb Code   146  main.o(i.main)
    mpu6500GetDeviceID                       0x08009d4d   Thumb Code    24  mpu9250.o(i.mpu6500GetDeviceID)
    mpu6500Init                              0x08009d71   Thumb Code    28  mpu9250.o(i.mpu6500Init)
    mpu6500Reset                             0x08009d99   Thumb Code    24  mpu9250.o(i.mpu6500Reset)
    mpu6500SetAccelDLPF                      0x08009db9   Thumb Code    28  mpu9250.o(i.mpu6500SetAccelDLPF)
    mpu6500SetClockSource                    0x08009ddd   Thumb Code    28  mpu9250.o(i.mpu6500SetClockSource)
    mpu6500SetDLPFMode                       0x08009e01   Thumb Code    28  mpu9250.o(i.mpu6500SetDLPFMode)
    mpu6500SetFullScaleAccelRange            0x08009e25   Thumb Code    28  mpu9250.o(i.mpu6500SetFullScaleAccelRange)
    mpu6500SetFullScaleGyroRange             0x08009e49   Thumb Code    28  mpu9250.o(i.mpu6500SetFullScaleGyroRange)
    mpu6500SetI2CBypassEnabled               0x08009e6d   Thumb Code    24  mpu9250.o(i.mpu6500SetI2CBypassEnabled)
    mpu6500SetI2CMasterModeEnabled           0x08009e8d   Thumb Code    24  mpu9250.o(i.mpu6500SetI2CMasterModeEnabled)
    mpu6500SetIntDataReadyEnabled            0x08009ead   Thumb Code    24  mpu9250.o(i.mpu6500SetIntDataReadyEnabled)
    mpu6500SetIntEnabled                     0x08009ecd   Thumb Code    22  mpu9250.o(i.mpu6500SetIntEnabled)
    mpu6500SetInterruptDrive                 0x08009eed   Thumb Code    24  mpu9250.o(i.mpu6500SetInterruptDrive)
    mpu6500SetInterruptLatch                 0x08009f0d   Thumb Code    24  mpu9250.o(i.mpu6500SetInterruptLatch)
    mpu6500SetInterruptLatchClear            0x08009f2d   Thumb Code    24  mpu9250.o(i.mpu6500SetInterruptLatchClear)
    mpu6500SetInterruptMode                  0x08009f4d   Thumb Code    24  mpu9250.o(i.mpu6500SetInterruptMode)
    mpu6500SetMasterClockSpeed               0x08009f6d   Thumb Code    28  mpu9250.o(i.mpu6500SetMasterClockSpeed)
    mpu6500SetRate                           0x08009f91   Thumb Code    22  mpu9250.o(i.mpu6500SetRate)
    mpu6500SetSlave4MasterDelay              0x08009fb1   Thumb Code    28  mpu9250.o(i.mpu6500SetSlave4MasterDelay)
    mpu6500SetSlaveAddress                   0x08009fd5   Thumb Code    38  mpu9250.o(i.mpu6500SetSlaveAddress)
    mpu6500SetSlaveDataLength                0x0800a005   Thumb Code    44  mpu9250.o(i.mpu6500SetSlaveDataLength)
    mpu6500SetSlaveDelayEnabled              0x0800a039   Thumb Code    26  mpu9250.o(i.mpu6500SetSlaveDelayEnabled)
    mpu6500SetSlaveEnabled                   0x0800a05d   Thumb Code    40  mpu9250.o(i.mpu6500SetSlaveEnabled)
    mpu6500SetSlaveReadWriteTransitionEnabled 0x0800a08d   Thumb Code    24  mpu9250.o(i.mpu6500SetSlaveReadWriteTransitionEnabled)
    mpu6500SetSlaveRegister                  0x0800a0ad   Thumb Code    38  mpu9250.o(i.mpu6500SetSlaveRegister)
    mpu6500SetSleepEnabled                   0x0800a0dd   Thumb Code    24  mpu9250.o(i.mpu6500SetSleepEnabled)
    mpu6500SetTempSensorEnabled              0x0800a0fd   Thumb Code    28  mpu9250.o(i.mpu6500SetTempSensorEnabled)
    mpu6500SetWaitForExternalSensorEnabled   0x0800a121   Thumb Code    24  mpu9250.o(i.mpu6500SetWaitForExternalSensorEnabled)
    nrf_check                                0x0800a141   Thumb Code    68  nrf24l01.o(i.nrf_check)
    nrf_checkEventandRxPacket                0x0800a18d   Thumb Code    98  nrf24l01.o(i.nrf_checkEventandRxPacket)
    nrf_rxPacket                             0x0800a209   Thumb Code    62  nrf24l01.o(i.nrf_rxPacket)
    nrf_setAddress                           0x0800a24d   Thumb Code    34  nrf24l01.o(i.nrf_setAddress)
    nrf_setArc                               0x0800a26f   Thumb Code    32  nrf24l01.o(i.nrf_setArc)
    nrf_setArd                               0x0800a28f   Thumb Code    44  nrf24l01.o(i.nrf_setArd)
    nrf_setChannel                           0x0800a2bb   Thumb Code    18  nrf24l01.o(i.nrf_setChannel)
    nrf_setDataRate                          0x0800a2cd   Thumb Code    56  nrf24l01.o(i.nrf_setDataRate)
    nrf_setIterruptCallback                  0x0800a305   Thumb Code     6  nrf24l01.o(i.nrf_setIterruptCallback)
    nrf_setPower                             0x0800a311   Thumb Code    66  nrf24l01.o(i.nrf_setPower)
    nrf_txPacket_AP                          0x0800a355   Thumb Code    34  nrf24l01.o(i.nrf_txPacket_AP)
    printHardFault                           0x0800a3fd   Thumb Code   186  stm32f10x_it.o(i.printHardFault)
    put_fat                                  0x0800b069   Thumb Code   392  ff.o(i.put_fat)
    pvPortMalloc                             0x0800b1f1   Thumb Code   274  heap_4.o(i.pvPortMalloc)
    pvTaskIncrementMutexHeldCount            0x0800b379   Thumb Code    26  tasks.o(i.pvTaskIncrementMutexHeldCount)
    pxPortInitialiseStack                    0x0800b399   Thumb Code    30  port.o(i.pxPortInitialiseStack)
    radiolinkConnectStatus                   0x0800b3fd   Thumb Code     6  radio.o(i.radiolinkConnectStatus)
    radiolinkInit                            0x0800b409   Thumb Code    52  radio.o(i.radiolinkInit)
    scan_files                               0x0800b559   Thumb Code   140  utils.o(i.scan_files)
    sensorsAcquire                           0x0800b5f5   Thumb Code    30  sensors.o(i.sensorsAcquire)
    sensorsDeviceInit                        0x0800b621   Thumb Code   256  sensors.o(i.sensorsDeviceInit)
    sensorsInit                              0x0800b7cd   Thumb Code    48  sensors.o(i.sensorsInit)
    sensorsReadAcc                           0x0800b895   Thumb Code    28  sensors.o(i.sensorsReadAcc)
    sensorsReadGyro                          0x0800b8b5   Thumb Code    28  sensors.o(i.sensorsReadGyro)
    sensorsReadMag                           0x0800b8d5   Thumb Code    28  sensors.o(i.sensorsReadMag)
    storeAssertSnapshotData                  0x0800bb05   Thumb Code    14  utils.o(i.storeAssertSnapshotData)
    tanf                                     0x0800bc59   Thumb Code   314  tanf.o(i.tanf)
    uxListRemove                             0x0800bdcd   Thumb Code    40  list.o(i.uxListRemove)
    vApplicationIdleHook                     0x0800bdf5   Thumb Code    24  main.o(i.vApplicationIdleHook)
    vApplicationMallocFailedHook             0x0800be11   Thumb Code    40  main.o(i.vApplicationMallocFailedHook)
    vApplicationStackOverflowHook            0x0800be51   Thumb Code    40  main.o(i.vApplicationStackOverflowHook)
    vListInitialise                          0x0800be91   Thumb Code    26  list.o(i.vListInitialise)
    vListInitialiseItem                      0x0800beab   Thumb Code     6  list.o(i.vListInitialiseItem)
    vListInsert                              0x0800beb1   Thumb Code    52  list.o(i.vListInsert)
    vListInsertEnd                           0x0800bee5   Thumb Code    24  list.o(i.vListInsertEnd)
    vPortEnterCritical                       0x0800befd   Thumb Code    68  port.o(i.vPortEnterCritical)
    vPortExitCritical                        0x0800bfad   Thumb Code    48  port.o(i.vPortExitCritical)
    vPortFree                                0x0800c021   Thumb Code   120  heap_4.o(i.vPortFree)
    vPortSetupTimerInterrupt                 0x0800c11d   Thumb Code    14  port.o(i.vPortSetupTimerInterrupt)
    vPortValidateInterruptPriority           0x0800c131   Thumb Code    86  port.o(i.vPortValidateInterruptPriority)
    vQueueAddToRegistry                      0x0800c1f1   Thumb Code    38  queue.o(i.vQueueAddToRegistry)
    vQueueWaitForMessageRestricted           0x0800c21d   Thumb Code    74  queue.o(i.vQueueWaitForMessageRestricted)
    vTaskDelay                               0x0800c269   Thumb Code    72  tasks.o(i.vTaskDelay)
    vTaskDelete                              0x0800c2ed   Thumb Code   192  tasks.o(i.vTaskDelete)
    vTaskMissedYield                         0x0800c409   Thumb Code     8  tasks.o(i.vTaskMissedYield)
    vTaskPlaceOnEventList                    0x0800c415   Thumb Code    42  tasks.o(i.vTaskPlaceOnEventList)
    vTaskPlaceOnEventListRestricted          0x0800c469   Thumb Code    50  tasks.o(i.vTaskPlaceOnEventListRestricted)
    vTaskPriorityInherit                     0x0800c4c5   Thumb Code   164  tasks.o(i.vTaskPriorityInherit)
    vTaskSetTimeOutState                     0x0800c575   Thumb Code    32  tasks.o(i.vTaskSetTimeOutState)
    vTaskStartScheduler                      0x0800c5c1   Thumb Code   108  tasks.o(i.vTaskStartScheduler)
    vTaskSuspendAll                          0x0800c695   Thumb Code    12  tasks.o(i.vTaskSuspendAll)
    vTaskSwitchContext                       0x0800c6a5   Thumb Code   138  tasks.o(i.vTaskSwitchContext)
    xPortGetFreeHeapSize                     0x0800c81d   Thumb Code     6  heap_4.o(i.xPortGetFreeHeapSize)
    xPortStartScheduler                      0x0800c829   Thumb Code   140  port.o(i.xPortStartScheduler)
    xPortSysTickHandler                      0x0800c8c9   Thumb Code    46  port.o(i.xPortSysTickHandler)
    xQueueCreateMutex                        0x0800c8fd   Thumb Code    34  queue.o(i.xQueueCreateMutex)
    xQueueGenericCreate                      0x0800c921   Thumb Code    78  queue.o(i.xQueueGenericCreate)
    xQueueGenericReceive                     0x0800c9ad   Thumb Code   416  queue.o(i.xQueueGenericReceive)
    xQueueGenericReset                       0x0800cb79   Thumb Code   136  queue.o(i.xQueueGenericReset)
    xQueueGenericSend                        0x0800cc25   Thumb Code   412  queue.o(i.xQueueGenericSend)
    xQueueGenericSendFromISR                 0x0800cdf1   Thumb Code   234  queue.o(i.xQueueGenericSendFromISR)
    xQueueGiveFromISR                        0x0800cf05   Thumb Code   216  queue.o(i.xQueueGiveFromISR)
    xTaskCheckForTimeOut                     0x0800d01d   Thumb Code   116  tasks.o(i.xTaskCheckForTimeOut)
    xTaskCreate                              0x0800d0cd   Thumb Code    96  tasks.o(i.xTaskCreate)
    xTaskGetSchedulerState                   0x0800d12d   Thumb Code    24  tasks.o(i.xTaskGetSchedulerState)
    xTaskGetTickCount                        0x0800d14d   Thumb Code     6  tasks.o(i.xTaskGetTickCount)
    xTaskIncrementTick                       0x0800d159   Thumb Code   274  tasks.o(i.xTaskIncrementTick)
    xTaskPriorityDisinherit                  0x0800d2dd   Thumb Code   168  tasks.o(i.xTaskPriorityDisinherit)
    xTaskRemoveFromEventList                 0x0800d3d9   Thumb Code   118  tasks.o(i.xTaskRemoveFromEventList)
    xTaskResumeAll                           0x0800d491   Thumb Code   214  tasks.o(i.xTaskResumeAll)
    xTimerCreateTimerTask                    0x0800d5bd   Thumb Code    54  timers.o(i.xTimerCreateTimerTask)
    xTimerGenericCommand                     0x0800d629   Thumb Code   116  timers.o(i.xTimerGenericCommand)
    crcTableHigh                             0x0800d6c0   Data         256  utils.o(.constdata)
    crcTableLow                              0x0800d7c0   Data         256  utils.o(.constdata)
    F6x8                                     0x0800d8c0   Data         552  i2c_oled.o(.constdata)
    F8X16                                    0x0800dae8   Data        1520  i2c_oled.o(.constdata)
    F16x16                                   0x0800e0d8   Data         448  i2c_oled.o(.constdata)
    Region$$Table$$Base                      0x080398d0   Number         0  anon$$obj.o(Region$$Table)
    Region$$Table$$Limit                     0x080398f0   Number         0  anon$$obj.o(Region$$Table)
    startTaskHandle                          0x20000000   Data           4  main.o(.data)
    can_buf                                  0x20000004   Data           8  main.o(.data)
    hard_fault_index                         0x2000000c   Data           4  stm32f10x_it.o(.data)
    memory_fault_index                       0x20000010   Data           4  stm32f10x_it.o(.data)
    ak8963_CaliStage                         0x2000004c   Data           1  sensors.o(.data)
    res_flash                                0x20000054   Data           1  utils.o(.data)
    fnum                                     0x20000058   Data           4  utils.o(.data)
    WriteBuffer                              0x2000005c   Data          35  utils.o(.data)
    WriteBuffer2                             0x2000007f   Data          18  utils.o(.data)
    radiolinkTaskHandle                      0x20000094   Data           4  radio.o(.data)
    radioTxQueue                             0x20000098   Data           4  radio.o(.data)
    configParamDefault                       0x200000a4   Data          16  radio.o(.data)
    usart1RecCount                           0x200000d4   Data           2  usart1.o(.data)
    usart1RxQueue                            0x200000d8   Data           4  usart1.o(.data)
    uart4RecCount                            0x200000e0   Data           2  uart4.o(.data)
    uart4RxQueue                             0x200000e4   Data           4  uart4.o(.data)
    ultrasonic_distance1                     0x200000e8   Data           2  uart4.o(.data)
    ultrasonic_state1                        0x200000ea   Data           1  uart4.o(.data)
    uart5RecCount                            0x200000f0   Data           2  uart5.o(.data)
    uart5RxQueue                             0x200000f4   Data           4  uart5.o(.data)
    ultrasonic_distance2                     0x200000f8   Data           2  uart5.o(.data)
    ultrasonic_state2                        0x200000fa   Data           1  uart5.o(.data)
    ADC_ConvertedValue                       0x20000100   Data           4  adc.o(.data)
    ADC_ConvertedValueLocal                  0x20000104   Data           8  adc.o(.data)
    menu                                     0x20000110   Data           1  i2c_oled.o(.data)
    servoPWM                                 0x2000011a   Data          16  servo.o(.data)
    motor1_cnt                               0x2000012a   Data           2  motor.o(.data)
    motor2_cnt                               0x2000012c   Data           2  motor.o(.data)
    sensorsBus                               0x20000134   Data         128  i2c_driver.o(.data)
    powerStatus                              0x200001d4   Data           1  power_control.o(.data)
    pxCurrentTCB                             0x200001f8   Data           4  tasks.o(.data)
    __stdout                                 0x2000026c   Data           4  stdout.o(.data)
    snapshot                                 0x20000274   Data          12  utils.o(.nzds)
    gyroBiasRunning                          0x20000280   Data        6164  sensors.o(.bss)
    sensors                                  0x20001aa0   Data          52  sensors.o(.bss)
    state                                    0x20001ad4   Data          68  sensors.o(.bss)
    sensor_raw                               0x20001bd6   Data          18  sensors.o(.bss)
    fs                                       0x20001be8   Data        4144  utils.o(.bss)
    fnew                                     0x20002c18   Data        4132  utils.o(.bss)
    ReadBuffer                               0x20003c3c   Data        2048  utils.o(.bss)
    fpath                                    0x2000443c   Data         100  utils.o(.bss)
    configParam                              0x200046a0   Data          16  radio.o(.bss)
    motorStatus                              0x20004b5c   Data          28  motor.o(.bss)
    xQueueRegistry                           0x20004b98   Data          80  queue.o(.bss)
    __initial_sp                             0x20009140   Data           0  startup_stm32f10x_hd.o(STACK)



==============================================================================

Memory Map of the image

  Image Entry point : 0x08000131

  Load Region LR_IROM1 (Base: 0x08000000, Size: 0x00039b70, Max: 0x00040000, ABSOLUTE, COMPRESSED[0x00039974])

    Execution Region ER_IROM1 (Exec base: 0x08000000, Load base: 0x08000000, Size: 0x000398f0, Max: 0x00040000, ABSOLUTE)

    Exec Addr    Load Addr    Size         Type   Attr      Idx    E Section Name        Object

    0x08000000   0x08000000   0x00000130   Data   RO         3892    RESET               startup_stm32f10x_hd.o
    0x08000130   0x08000130   0x00000000   Code   RO         7875  * .ARM.Collect$$$$00000000  mc_w.l(entry.o)
    0x08000130   0x08000130   0x00000004   Code   RO         8230    .ARM.Collect$$$$00000001  mc_w.l(entry2.o)
    0x08000134   0x08000134   0x00000004   Code   RO         8233    .ARM.Collect$$$$00000004  mc_w.l(entry5.o)
    0x08000138   0x08000138   0x00000000   Code   RO         8235    .ARM.Collect$$$$00000008  mc_w.l(entry7b.o)
    0x08000138   0x08000138   0x00000000   Code   RO         8237    .ARM.Collect$$$$0000000A  mc_w.l(entry8b.o)
    0x08000138   0x08000138   0x00000008   Code   RO         8238    .ARM.Collect$$$$0000000B  mc_w.l(entry9a.o)
    0x08000140   0x08000140   0x00000004   Code   RO         8245    .ARM.Collect$$$$0000000E  mc_w.l(entry12b.o)
    0x08000144   0x08000144   0x00000000   Code   RO         8240    .ARM.Collect$$$$0000000F  mc_w.l(entry10a.o)
    0x08000144   0x08000144   0x00000000   Code   RO         8242    .ARM.Collect$$$$00000011  mc_w.l(entry11a.o)
    0x08000144   0x08000144   0x00000004   Code   RO         8231    .ARM.Collect$$$$00002712  mc_w.l(entry2.o)
    0x08000148   0x08000148   0x00000012   Code   RO          255    .emb_text           stm32f10x_it.o
    0x0800015a   0x0800015a   0x00000002   PAD
    0x0800015c   0x0800015c   0x00000096   Code   RO         7703    .emb_text           port.o
    0x080001f2   0x080001f2   0x00000002   PAD
    0x080001f4   0x080001f4   0x00000024   Code   RO         3893    .text               startup_stm32f10x_hd.o
    0x08000218   0x08000218   0x00000024   Code   RO         7880    .text               mc_w.l(memcpya.o)
    0x0800023c   0x0800023c   0x00000024   Code   RO         7882    .text               mc_w.l(memseta.o)
    0x08000260   0x08000260   0x0000000e   Code   RO         7884    .text               mc_w.l(strlen.o)
    0x0800026e   0x0800026e   0x00000012   Code   RO         7886    .text               mc_w.l(strcpy.o)
    0x08000280   0x08000280   0x000000b0   Code   RO         8151    .text               mf_w.l(fadd.o)
    0x08000330   0x08000330   0x00000064   Code   RO         8153    .text               mf_w.l(fmul.o)
    0x08000394   0x08000394   0x0000007c   Code   RO         8155    .text               mf_w.l(fdiv.o)
    0x08000410   0x08000410   0x0000014e   Code   RO         8157    .text               mf_w.l(dadd.o)
    0x0800055e   0x0800055e   0x000000e4   Code   RO         8159    .text               mf_w.l(dmul.o)
    0x08000642   0x08000642   0x000000de   Code   RO         8161    .text               mf_w.l(ddiv.o)
    0x08000720   0x08000720   0x00000012   Code   RO         8163    .text               mf_w.l(fflti.o)
    0x08000732   0x08000732   0x0000000a   Code   RO         8165    .text               mf_w.l(ffltui.o)
    0x0800073c   0x0800073c   0x00000022   Code   RO         8169    .text               mf_w.l(dflti.o)
    0x0800075e   0x0800075e   0x00000032   Code   RO         8173    .text               mf_w.l(ffixi.o)
    0x08000790   0x08000790   0x00000028   Code   RO         8175    .text               mf_w.l(ffixui.o)
    0x080007b8   0x080007b8   0x0000003e   Code   RO         8177    .text               mf_w.l(dfixi.o)
    0x080007f6   0x080007f6   0x00000026   Code   RO         8181    .text               mf_w.l(f2d.o)
    0x0800081c   0x0800081c   0x00000030   Code   RO         8183    .text               mf_w.l(cdcmple.o)
    0x0800084c   0x0800084c   0x00000030   Code   RO         8185    .text               mf_w.l(cdrcmple.o)
    0x0800087c   0x0800087c   0x00000038   Code   RO         8187    .text               mf_w.l(d2f.o)
    0x080008b4   0x080008b4   0x00000014   Code   RO         8189    .text               mf_w.l(cfcmple.o)
    0x080008c8   0x080008c8   0x00000014   Code   RO         8191    .text               mf_w.l(cfrcmple.o)
    0x080008dc   0x080008dc   0x0000002c   Code   RO         8247    .text               mc_w.l(uidiv.o)
    0x08000908   0x08000908   0x00000062   Code   RO         8249    .text               mc_w.l(uldiv.o)
    0x0800096a   0x0800096a   0x0000001e   Code   RO         8251    .text               mc_w.l(llshl.o)
    0x08000988   0x08000988   0x00000020   Code   RO         8253    .text               mc_w.l(llushr.o)
    0x080009a8   0x080009a8   0x00000024   Code   RO         8255    .text               mc_w.l(llsshr.o)
    0x080009cc   0x080009cc   0x00000000   Code   RO         8264    .text               mc_w.l(iusefp.o)
    0x080009cc   0x080009cc   0x0000006e   Code   RO         8265    .text               mf_w.l(fepilogue.o)
    0x08000a3a   0x08000a3a   0x00000018   Code   RO         8267    .text               mf_w.l(fscalb.o)
    0x08000a52   0x08000a52   0x0000003c   Code   RO         8271    .text               mf_w.l(frnd.o)
    0x08000a8e   0x08000a8e   0x000000ba   Code   RO         8273    .text               mf_w.l(depilogue.o)
    0x08000b48   0x08000b48   0x0000002e   Code   RO         8275    .text               mf_w.l(dscalb.o)
    0x08000b76   0x08000b76   0x00000030   Code   RO         8277    .text               mf_w.l(dfixul.o)
    0x08000ba6   0x08000ba6   0x00000002   PAD
    0x08000ba8   0x08000ba8   0x00000024   Code   RO         8283    .text               mc_w.l(init.o)
    0x08000bcc   0x08000bcc   0x00000056   Code   RO         8293    .text               mc_w.l(__dczerorl2.o)
    0x08000c22   0x08000c22   0x00000016   Code   RO         4345    i.ADC_Cmd           stm32f10x_adc.o
    0x08000c38   0x08000c38   0x00000016   Code   RO         4346    i.ADC_DMACmd        stm32f10x_adc.o
    0x08000c4e   0x08000c4e   0x00000014   Code   RO         4353    i.ADC_GetCalibrationStatus  stm32f10x_adc.o
    0x08000c62   0x08000c62   0x00000014   Code   RO         4359    i.ADC_GetResetCalibrationStatus  stm32f10x_adc.o
    0x08000c76   0x08000c76   0x00000002   PAD
    0x08000c78   0x08000c78   0x00000050   Code   RO         4363    i.ADC_Init          stm32f10x_adc.o
    0x08000cc8   0x08000cc8   0x000000b8   Code   RO         4367    i.ADC_RegularChannelConfig  stm32f10x_adc.o
    0x08000d80   0x08000d80   0x0000000a   Code   RO         4368    i.ADC_ResetCalibration  stm32f10x_adc.o
    0x08000d8a   0x08000d8a   0x00000016   Code   RO         4370    i.ADC_SoftwareStartConvCmd  stm32f10x_adc.o
    0x08000da0   0x08000da0   0x0000000a   Code   RO         4372    i.ADC_StartCalibration  stm32f10x_adc.o
    0x08000daa   0x08000daa   0x00000002   PAD
    0x08000dac   0x08000dac   0x00000024   Code   RO         1286    i.ADCx_GPIO_Config  adc.o
    0x08000dd0   0x08000dd0   0x0000000c   Code   RO         1287    i.ADCx_Init         adc.o
    0x08000ddc   0x08000ddc   0x000000fc   Code   RO         1288    i.ADCx_Mode_Config  adc.o
    0x08000ed8   0x08000ed8   0x00000038   Code   RO         3803    i.ADJ_Outpt_Init    power_control.o
    0x08000f10   0x08000f10   0x00000004   Code   RO          256    i.BusFault_Handler  stm32f10x_it.o
    0x08000f14   0x08000f14   0x000000ac   Code   RO         1701    i.Buzzer_Init       buzzer.o
    0x08000fc0   0x08000fc0   0x00000108   Code   RO         4567    i.CAN_FilterInit    stm32f10x_can.o
    0x080010c8   0x080010c8   0x00000114   Code   RO         4574    i.CAN_Init          stm32f10x_can.o
    0x080011dc   0x080011dc   0x000000d0   Code   RO         1479    i.CAN_Mode_Init     can.o
    0x080012ac   0x080012ac   0x00000126   Code   RO         4582    i.CAN_Transmit      stm32f10x_can.o
    0x080013d2   0x080013d2   0x00000002   PAD
    0x080013d4   0x080013d4   0x000000a0   Code   RO         4583    i.CAN_TransmitStatus  stm32f10x_can.o
    0x08001474   0x08001474   0x00000038   Code   RO          603    i.CRC_Table         utils.o
    0x080014ac   0x080014ac   0x000001c4   Code   RO          745    i.Calcultate_RotationMatrix  ekf.o
    0x08001670   0x08001670   0x0000006c   Code   RO         1481    i.CanSendMsg        can.o
    0x080016dc   0x080016dc   0x00000010   Code   RO         1890    i.DMA1_Channel5_IRQHandler  i2c_driver.o
    0x080016ec   0x080016ec   0x0000001c   Code   RO         4783    i.DMA_ClearITPendingBit  stm32f10x_dma.o
    0x08001708   0x08001708   0x00000018   Code   RO         4784    i.DMA_Cmd           stm32f10x_dma.o
    0x08001720   0x08001720   0x0000014c   Code   RO         4785    i.DMA_DeInit        stm32f10x_dma.o
    0x0800186c   0x0800186c   0x0000002c   Code   RO         4787    i.DMA_GetFlagStatus  stm32f10x_dma.o
    0x08001898   0x08001898   0x00000012   Code   RO         4789    i.DMA_ITConfig      stm32f10x_dma.o
    0x080018aa   0x080018aa   0x0000003c   Code   RO         4790    i.DMA_Init          stm32f10x_dma.o
    0x080018e6   0x080018e6   0x00000002   Code   RO          257    i.DebugMon_Handler  stm32f10x_it.o
    0x080018e8   0x080018e8   0x00000044   Code   RO         1640    i.Delay_Init        delay.o
    0x0800192c   0x0800192c   0x00000028   Code   RO         1726    i.Duty_to_PWM       servo.o
    0x08001954   0x08001954   0x00000024   Code   RO          748    i.EKF_AHRSInit      ekf.o
    0x08001978   0x08001978   0x00000074   Code   RO         1777    i.EXTI0_IRQHandler  motor.o
    0x080019ec   0x080019ec   0x00000028   Code   RO         3628    i.EXTI15_10_IRQHandler  nrf24l01.o
    0x08001a14   0x08001a14   0x00000040   Code   RO          345    i.EXTI2_IRQHandler  sensors.o
    0x08001a54   0x08001a54   0x00000074   Code   RO         1778    i.EXTI3_IRQHandler  motor.o
    0x08001ac8   0x08001ac8   0x0000000c   Code   RO         4855    i.EXTI_ClearITPendingBit  stm32f10x_exti.o
    0x08001ad4   0x08001ad4   0x00000028   Code   RO         4859    i.EXTI_GetITStatus  stm32f10x_exti.o
    0x08001afc   0x08001afc   0x00000094   Code   RO         4860    i.EXTI_Init         stm32f10x_exti.o
    0x08001b90   0x08001b90   0x0000000c   Code   RO         4908    i.FLASH_ClearFlag   stm32f10x_flash.o
    0x08001b9c   0x08001b9c   0x0000004c   Code   RO         4913    i.FLASH_ErasePage   stm32f10x_flash.o
    0x08001be8   0x08001be8   0x00000034   Code   RO         4914    i.FLASH_GetBank1Status  stm32f10x_flash.o
    0x08001c1c   0x08001c1c   0x00000014   Code   RO         4923    i.FLASH_Lock        stm32f10x_flash.o
    0x08001c30   0x08001c30   0x0000006c   Code   RO         4928    i.FLASH_ProgramWord  stm32f10x_flash.o
    0x08001c9c   0x08001c9c   0x00000018   Code   RO         4931    i.FLASH_Unlock      stm32f10x_flash.o
    0x08001cb4   0x08001cb4   0x00000026   Code   RO         4935    i.FLASH_WaitForLastOperation  stm32f10x_flash.o
    0x08001cda   0x08001cda   0x00000012   Code   RO          890    i.FastAbs           quaternion.o
    0x08001cec   0x08001cec   0x00000014   Code   RO          969    i.FastSqrt          fast_math.o
    0x08001d00   0x08001d00   0x0000004c   Code   RO          971    i.FastSqrtI         fast_math.o
    0x08001d4c   0x08001d4c   0x000002ac   Code   RO          605    i.FileSystem_Init   utils.o
    0x08001ff8   0x08001ff8   0x00000040   Code   RO         5085    i.GPIO_EXTILineConfig  stm32f10x_gpio.o
    0x08002038   0x08002038   0x00000116   Code   RO         5088    i.GPIO_Init         stm32f10x_gpio.o
    0x0800214e   0x0800214e   0x00000002   PAD
    0x08002150   0x08002150   0x00000090   Code   RO         5090    i.GPIO_PinRemapConfig  stm32f10x_gpio.o
    0x080021e0   0x080021e0   0x00000012   Code   RO         5092    i.GPIO_ReadInputDataBit  stm32f10x_gpio.o
    0x080021f2   0x080021f2   0x00000004   Code   RO         5095    i.GPIO_ResetBits    stm32f10x_gpio.o
    0x080021f6   0x080021f6   0x00000004   Code   RO         5096    i.GPIO_SetBits      stm32f10x_gpio.o
    0x080021fa   0x080021fa   0x00000010   Code   RO         5097    i.GPIO_StructInit   stm32f10x_gpio.o
    0x0800220a   0x0800220a   0x00000002   PAD
    0x0800220c   0x0800220c   0x00000108   Code   RO          346    i.Get_AccGyroData   sensors.o
    0x08002314   0x08002314   0x00000060   Code   RO          347    i.Get_MagData       sensors.o
    0x08002374   0x08002374   0x00000010   Code   RO         1891    i.I2C2_ER_IRQHandler  i2c_driver.o
    0x08002384   0x08002384   0x00000010   Code   RO         1892    i.I2C2_EV_IRQHandler  i2c_driver.o
    0x08002394   0x08002394   0x00000018   Code   RO         5197    i.I2C_AcknowledgeConfig  stm32f10x_i2c.o
    0x080023ac   0x080023ac   0x0000000c   Code   RO         5200    i.I2C_ClearFlag     stm32f10x_i2c.o
    0x080023b8   0x080023b8   0x00000018   Code   RO         5203    i.I2C_DMACmd        stm32f10x_i2c.o
    0x080023d0   0x080023d0   0x00000018   Code   RO         5204    i.I2C_DMALastTransferCmd  stm32f10x_i2c.o
    0x080023e8   0x080023e8   0x00000038   Code   RO         5205    i.I2C_DeInit        stm32f10x_i2c.o
    0x08002420   0x08002420   0x0000003a   Code   RO         5211    i.I2C_GetFlagStatus  stm32f10x_i2c.o
    0x0800245a   0x0800245a   0x00000012   Code   RO         5215    i.I2C_ITConfig      stm32f10x_i2c.o
    0x0800246c   0x0800246c   0x000000ec   Code   RO         5216    i.I2C_Init          stm32f10x_i2c.o
    0x08002558   0x08002558   0x00000008   Code   RO         5221    i.I2C_ReceiveData   stm32f10x_i2c.o
    0x08002560   0x08002560   0x00000012   Code   RO         5223    i.I2C_Send7bitAddress  stm32f10x_i2c.o
    0x08002572   0x08002572   0x00000004   Code   RO         5224    i.I2C_SendData      stm32f10x_i2c.o
    0x08002576   0x08002576   0x00000002   PAD
    0x08002578   0x08002578   0x00000010   Code   RO         5402    i.IWDG_ReloadCounter  stm32f10x_iwdg.o
    0x08002588   0x08002588   0x00000030   Code   RO         1314    i.LED_Init          led.o
    0x080025b8   0x080025b8   0x000000e0   Code   RO         1326    i.LoadConfigData    flash.o
    0x08002698   0x08002698   0x00000038   Code   RO         3804    i.MAIN_Output_Init  power_control.o
    0x080026d0   0x080026d0   0x00000014   Code   RO          258    i.MemManage_Handler  stm32f10x_it.o
    0x080026e4   0x080026e4   0x000001e0   Code   RO         1508    i.MenuTask          i2c_oled.o
    0x080028c4   0x080028c4   0x00000018   Code   RO         1779    i.Motor1_Brake      motor.o
    0x080028dc   0x080028dc   0x0000006c   Code   RO         1780    i.Motor1_Encoder_Init  motor.o
    0x08002948   0x08002948   0x00000114   Code   RO         1781    i.Motor1_Speed_Control  motor.o
    0x08002a5c   0x08002a5c   0x00000018   Code   RO         1782    i.Motor2_Brake      motor.o
    0x08002a74   0x08002a74   0x0000006c   Code   RO         1783    i.Motor2_Encoder_Init  motor.o
    0x08002ae0   0x08002ae0   0x00000114   Code   RO         1784    i.Motor2_Speed_Control  motor.o
    0x08002bf4   0x08002bf4   0x0000013c   Code   RO         1785    i.MotorTask         motor.o
    0x08002d30   0x08002d30   0x0000001c   Code   RO         1786    i.Motor_Init        motor.o
    0x08002d4c   0x08002d4c   0x0000004c   Code   RO         1787    i.Motor_PWM_Duty    motor.o
    0x08002d98   0x08002d98   0x000000e0   Code   RO         1788    i.Motor_Speed_Calculate  motor.o
    0x08002e78   0x08002e78   0x00000002   Code   RO          259    i.NMI_Handler       stm32f10x_it.o
    0x08002e7a   0x08002e7a   0x00000002   PAD
    0x08002e7c   0x08002e7c   0x00000098   Code   RO         3629    i.NRF_Init          nrf24l01.o
    0x08002f14   0x08002f14   0x0000012c   Code   RO         3630    i.NRF_LowLevel_Init  nrf24l01.o
    0x08003040   0x08003040   0x00000070   Code   RO         4303    i.NVIC_Init         misc.o
    0x080030b0   0x080030b0   0x00000014   Code   RO         4304    i.NVIC_PriorityGroupConfig  misc.o
    0x080030c4   0x080030c4   0x00000048   Code   RO         1509    i.OLED_CLS          i2c_oled.o
    0x0800310c   0x0800310c   0x00000070   Code   RO         1510    i.OLED_DrawBMP      i2c_oled.o
    0x0800317c   0x0800317c   0x000000bc   Code   RO         1512    i.OLED_Init         i2c_oled.o
    0x08003238   0x08003238   0x00000024   Code   RO         1516    i.OLED_SetPos       i2c_oled.o
    0x0800325c   0x0800325c   0x00000130   Code   RO         1518    i.OLED_ShowParm     i2c_oled.o
    0x0800338c   0x0800338c   0x000000e0   Code   RO         1519    i.OLED_ShowStr      i2c_oled.o
    0x0800346c   0x0800346c   0x00000018   Code   RO         1520    i.OLED_WriteCmd     i2c_oled.o
    0x08003484   0x08003484   0x00000028   Code   RO         1727    i.PWM               servo.o
    0x080034ac   0x080034ac   0x0000044c   Code   RO          672    i.ParseRadioMsg     radio.o
    0x080038f8   0x080038f8   0x0000002c   Code   RO         3805    i.PowerControl_Init  power_control.o
    0x08003924   0x08003924   0x0000002c   Code   RO         1461    i.PowerKey_Init     key.o
    0x08003950   0x08003950   0x00000224   Code   RO         3806    i.PowerTask         power_control.o
    0x08003b74   0x08003b74   0x000003b8   Code   RO         1151    i.ProcessMsg        usart1.o
    0x08003f2c   0x08003f2c   0x0000020c   Code   RO          894    i.Quaternion_FromRotationMatrix  quaternion.o
    0x08004138   0x08004138   0x00000018   Code   RO         5502    i.RCC_ADCCLKConfig  stm32f10x_rcc.o
    0x08004150   0x08004150   0x00000020   Code   RO         5503    i.RCC_AHBPeriphClockCmd  stm32f10x_rcc.o
    0x08004170   0x08004170   0x00000020   Code   RO         5504    i.RCC_APB1PeriphClockCmd  stm32f10x_rcc.o
    0x08004190   0x08004190   0x00000020   Code   RO         5505    i.RCC_APB1PeriphResetCmd  stm32f10x_rcc.o
    0x080041b0   0x080041b0   0x00000020   Code   RO         5506    i.RCC_APB2PeriphClockCmd  stm32f10x_rcc.o
    0x080041d0   0x080041d0   0x000000d4   Code   RO         5514    i.RCC_GetClocksFreq  stm32f10x_rcc.o
    0x080042a4   0x080042a4   0x00000130   Code   RO          673    i.RadioTask         radio.o
    0x080043d4   0x080043d4   0x00000030   Code   RO         1789    i.Read_Encoder      motor.o
    0x08004404   0x08004404   0x00000018   Code   RO         5983    i.SPI_Cmd           stm32f10x_spi.o
    0x0800441c   0x0800441c   0x00000054   Code   RO         1349    i.SPI_FLASH_BufferRead  spi_flash.o
    0x08004470   0x08004470   0x00000122   Code   RO         1350    i.SPI_FLASH_BufferWrite  spi_flash.o
    0x08004592   0x08004592   0x00000002   PAD
    0x08004594   0x08004594   0x000000c4   Code   RO         1352    i.SPI_FLASH_Init    spi_flash.o
    0x08004658   0x08004658   0x000000a0   Code   RO         1353    i.SPI_FLASH_PageWrite  spi_flash.o
    0x080046f8   0x080046f8   0x00000054   Code   RO         1356    i.SPI_FLASH_ReadID  spi_flash.o
    0x0800474c   0x0800474c   0x00000048   Code   RO         1357    i.SPI_FLASH_SectorErase  spi_flash.o
    0x08004794   0x08004794   0x00000078   Code   RO         1358    i.SPI_FLASH_SendByte  spi_flash.o
    0x0800480c   0x0800480c   0x00000038   Code   RO         1361    i.SPI_FLASH_WaitForWriteEnd  spi_flash.o
    0x08004844   0x08004844   0x00000024   Code   RO         1362    i.SPI_FLASH_WriteEnable  spi_flash.o
    0x08004868   0x08004868   0x00000024   Code   RO         1364    i.SPI_Flash_WAKEUP  spi_flash.o
    0x0800488c   0x0800488c   0x00000012   Code   RO         5991    i.SPI_I2S_GetFlagStatus  stm32f10x_spi.o
    0x0800489e   0x0800489e   0x00000006   Code   RO         5994    i.SPI_I2S_ReceiveData  stm32f10x_spi.o
    0x080048a4   0x080048a4   0x00000004   Code   RO         5995    i.SPI_I2S_SendData  stm32f10x_spi.o
    0x080048a8   0x080048a8   0x0000003c   Code   RO         5996    i.SPI_Init          stm32f10x_spi.o
    0x080048e4   0x080048e4   0x00000034   Code   RO         3631    i.SPI_RWByte        nrf24l01.o
    0x08004918   0x08004918   0x00000040   Code   RO         1365    i.SPI_TIMEOUT_UserCallback  spi_flash.o
    0x08004958   0x08004958   0x00000134   Code   RO         1327    i.SaveConfigData    flash.o
    0x08004a8c   0x08004a8c   0x000003a8   Code   RO          348    i.SensorTask        sensors.o
    0x08004e34   0x08004e34   0x0000000c   Code   RO         1729    i.Servo_Init        servo.o
    0x08004e40   0x08004e40   0x00000008   Code   RO         3837    i.SetSysClock       system_stm32f10x.o
    0x08004e48   0x08004e48   0x000000e0   Code   RO         3838    i.SetSysClockTo72   system_stm32f10x.o
    0x08004f28   0x08004f28   0x00000048   Code   RO         1790    i.Set_Motor1_PWM    motor.o
    0x08004f70   0x08004f70   0x00000048   Code   RO         1791    i.Set_Motor2_PWM    motor.o
    0x08004fb8   0x08004fb8   0x0000005c   Code   RO         1730    i.Set_Servo_PWM     servo.o
    0x08005014   0x08005014   0x00000028   Code   RO         4307    i.SysTick_CLKSourceConfig  misc.o
    0x0800503c   0x0800503c   0x00000020   Code   RO          260    i.SysTick_Handler   stm32f10x_it.o
    0x0800505c   0x0800505c   0x00000060   Code   RO         3840    i.SystemInit        system_stm32f10x.o
    0x080050bc   0x080050bc   0x00000100   Code   RO         1731    i.TIM3_Init         servo.o
    0x080051bc   0x080051bc   0x000000d0   Code   RO         1792    i.TIM4_Init         motor.o
    0x0800528c   0x0800528c   0x00000018   Code   RO         1793    i.TIM5_IRQHandler   motor.o
    0x080052a4   0x080052a4   0x000000dc   Code   RO         1732    i.TIM8_Init         servo.o
    0x08005380   0x08005380   0x00000006   Code   RO         6132    i.TIM_ClearFlag     stm32f10x_tim.o
    0x08005386   0x08005386   0x00000018   Code   RO         6138    i.TIM_Cmd           stm32f10x_tim.o
    0x0800539e   0x0800539e   0x0000001e   Code   RO         6140    i.TIM_CtrlPWMOutputs  stm32f10x_tim.o
    0x080053bc   0x080053bc   0x00000012   Code   RO         6163    i.TIM_ITConfig      stm32f10x_tim.o
    0x080053ce   0x080053ce   0x00000002   PAD
    0x080053d0   0x080053d0   0x00000098   Code   RO         6167    i.TIM_OC1Init       stm32f10x_tim.o
    0x08005468   0x08005468   0x00000012   Code   RO         6170    i.TIM_OC1PreloadConfig  stm32f10x_tim.o
    0x0800547a   0x0800547a   0x00000002   PAD
    0x0800547c   0x0800547c   0x000000a4   Code   RO         6172    i.TIM_OC2Init       stm32f10x_tim.o
    0x08005520   0x08005520   0x0000001a   Code   RO         6175    i.TIM_OC2PreloadConfig  stm32f10x_tim.o
    0x0800553a   0x0800553a   0x00000002   PAD
    0x0800553c   0x0800553c   0x000000a0   Code   RO         6177    i.TIM_OC3Init       stm32f10x_tim.o
    0x080055dc   0x080055dc   0x00000012   Code   RO         6180    i.TIM_OC3PreloadConfig  stm32f10x_tim.o
    0x080055ee   0x080055ee   0x00000002   PAD
    0x080055f0   0x080055f0   0x0000007c   Code   RO         6182    i.TIM_OC4Init       stm32f10x_tim.o
    0x0800566c   0x0800566c   0x0000001a   Code   RO         6184    i.TIM_OC4PreloadConfig  stm32f10x_tim.o
    0x08005686   0x08005686   0x00000002   PAD
    0x08005688   0x08005688   0x000000a4   Code   RO         6209    i.TIM_TimeBaseInit  stm32f10x_tim.o
    0x0800572c   0x0800572c   0x00000078   Code   RO         1226    i.UART4_IRQHandler  uart4.o
    0x080057a4   0x080057a4   0x000000c8   Code   RO         1227    i.UART4_Init        uart4.o
    0x0800586c   0x0800586c   0x00000078   Code   RO         1256    i.UART5_IRQHandler  uart5.o
    0x080058e4   0x080058e4   0x000000c8   Code   RO         1257    i.UART5_Init        uart5.o
    0x080059ac   0x080059ac   0x0000012c   Code   RO         1152    i.USART1_IRQHandler  usart1.o
    0x08005ad8   0x08005ad8   0x000000a4   Code   RO         1153    i.USART1_Init       usart1.o
    0x08005b7c   0x08005b7c   0x00000022   Code   RO         6672    i.USART_ClockInit   stm32f10x_usart.o
    0x08005b9e   0x08005b9e   0x00000018   Code   RO         6674    i.USART_Cmd         stm32f10x_usart.o
    0x08005bb6   0x08005bb6   0x0000001a   Code   RO         6677    i.USART_GetFlagStatus  stm32f10x_usart.o
    0x08005bd0   0x08005bd0   0x00000054   Code   RO         6678    i.USART_GetITStatus  stm32f10x_usart.o
    0x08005c24   0x08005c24   0x0000004a   Code   RO         6680    i.USART_ITConfig    stm32f10x_usart.o
    0x08005c6e   0x08005c6e   0x00000002   PAD
    0x08005c70   0x08005c70   0x000000d8   Code   RO         6681    i.USART_Init        stm32f10x_usart.o
    0x08005d48   0x08005d48   0x0000000a   Code   RO         6688    i.USART_ReceiveData  stm32f10x_usart.o
    0x08005d52   0x08005d52   0x00000008   Code   RO         6691    i.USART_SendData    stm32f10x_usart.o
    0x08005d5a   0x08005d5a   0x00000002   PAD
    0x08005d5c   0x08005d5c   0x0000005c   Code   RO         1228    i.Uart4Task         uart4.o
    0x08005db8   0x08005db8   0x00000088   Code   RO         1258    i.Uart5Task         uart5.o
    0x08005e40   0x08005e40   0x00000004   Code   RO          261    i.UsageFault_Handler  stm32f10x_it.o
    0x08005e44   0x08005e44   0x0000000c   Code   RO         1154    i.Usart1LinkStatus  usart1.o
    0x08005e50   0x08005e50   0x00000070   Code   RO         1155    i.Usart1Task        usart1.o
    0x08005ec0   0x08005ec0   0x0000002c   Code   RO         1462    i.UserKey_Init      key.o
    0x08005eec   0x08005eec   0x00000020   Code   RO         8123    i.__0printf         mc_w.l(printfa.o)
    0x08005f0c   0x08005f0c   0x00000028   Code   RO         8125    i.__0sprintf        mc_w.l(printfa.o)
    0x08005f34   0x08005f34   0x00000028   Code   RO         8207    i.__ARM_fpclassify  m_ws.l(fpclassify.o)
    0x08005f5c   0x08005f5c   0x00000026   Code   RO         8209    i.__ARM_fpclassifyf  m_ws.l(fpclassifyf.o)
    0x08005f82   0x08005f82   0x000000aa   Code   RO         8225    i.__kernel_poly     m_ws.l(poly.o)
    0x0800602c   0x0800602c   0x00000006   Code   RO         8194    i.__mathlib_dbl_infnan  m_ws.l(dunder.o)
    0x08006032   0x08006032   0x00000002   PAD
    0x08006034   0x08006034   0x00000010   Code   RO         8199    i.__mathlib_dbl_underflow  m_ws.l(dunder.o)
    0x08006044   0x08006044   0x00000006   Code   RO         8212    i.__mathlib_flt_infnan  m_ws.l(funder.o)
    0x0800604a   0x0800604a   0x00000008   Code   RO         8214    i.__mathlib_flt_invalid  m_ws.l(funder.o)
    0x08006052   0x08006052   0x0000000a   Code   RO         8217    i.__mathlib_flt_underflow  m_ws.l(funder.o)
    0x0800605c   0x0800605c   0x00000168   Code   RO         8227    i.__mathlib_rredf2  m_ws.l(rredf.o)
    0x080061c4   0x080061c4   0x0000000e   Code   RO         8287    i.__scatterload_copy  mc_w.l(handlers.o)
    0x080061d2   0x080061d2   0x00000002   Code   RO         8288    i.__scatterload_null  mc_w.l(handlers.o)
    0x080061d4   0x080061d4   0x0000000e   Code   RO         8289    i.__scatterload_zeroinit  mc_w.l(handlers.o)
    0x080061e2   0x080061e2   0x00000002   PAD
    0x080061e4   0x080061e4   0x0000000c   Code   RO         8259    i.__set_errno       mc_w.l(errno.o)
    0x080061f0   0x080061f0   0x00000184   Code   RO         8130    i._fp_digits        mc_w.l(printfa.o)
    0x08006374   0x08006374   0x000006b4   Code   RO         8131    i._printf_core      mc_w.l(printfa.o)
    0x08006a28   0x08006a28   0x00000024   Code   RO         8132    i._printf_post_padding  mc_w.l(printfa.o)
    0x08006a4c   0x08006a4c   0x0000002e   Code   RO         8133    i._printf_pre_padding  mc_w.l(printfa.o)
    0x08006a7a   0x08006a7a   0x0000000a   Code   RO         8135    i._sputc            mc_w.l(printfa.o)
    0x08006a84   0x08006a84   0x00000024   Code   RO         3478    i.ak8963Init        ak8963.o
    0x08006aa8   0x08006aa8   0x00000020   Code   RO         3485    i.ak8963SetMode     ak8963.o
    0x08006ac8   0x08006ac8   0x00000034   Code   RO         3487    i.ak8963TestConnection  ak8963.o
    0x08006afc   0x08006afc   0x00000044   Code   RO          607    i.assertFail        utils.o
    0x08006b40   0x08006b40   0x00000220   Code   RO         7832    i.atan              m_ws.l(atan.o)
    0x08006d60   0x08006d60   0x00000090   Code   RO         3951    i.check_fs          ff.o
    0x08006df0   0x08006df0   0x00000014   Code   RO         3952    i.chk_chr           ff.o
    0x08006e04   0x08006e04   0x0000001a   Code   RO         3953    i.clust2sect        ff.o
    0x08006e1e   0x08006e1e   0x00000002   PAD
    0x08006e20   0x08006e20   0x000000a0   Code   RO         3954    i.cmp_lfn           ff.o
    0x08006ec0   0x08006ec0   0x0000017c   Code   RO         7842    i.cosf              m_ws.l(cosf.o)
    0x0800703c   0x0800703c   0x000000d6   Code   RO         3955    i.create_chain      ff.o
    0x08007112   0x08007112   0x00000002   PAD
    0x08007114   0x08007114   0x00000270   Code   RO         3956    i.create_name       ff.o
    0x08007384   0x08007384   0x00000044   Code   RO         1644    i.delay_ms          delay.o
    0x080073c8   0x080073c8   0x00000048   Code   RO         1645    i.delay_us          delay.o
    0x08007410   0x08007410   0x0000005c   Code   RO         3957    i.dir_alloc         ff.o
    0x0800746c   0x0800746c   0x000000ea   Code   RO         3958    i.dir_find          ff.o
    0x08007556   0x08007556   0x0000013a   Code   RO         3959    i.dir_next          ff.o
    0x08007690   0x08007690   0x000000c6   Code   RO         3960    i.dir_read          ff.o
    0x08007756   0x08007756   0x0000012a   Code   RO         3961    i.dir_register      ff.o
    0x08007880   0x08007880   0x000000c8   Code   RO         3963    i.dir_sdi           ff.o
    0x08007948   0x08007948   0x0000003a   Code   RO         3897    i.disk_initialize   diskio.o
    0x08007982   0x08007982   0x00000042   Code   RO         3898    i.disk_ioctl        diskio.o
    0x080079c4   0x080079c4   0x0000003e   Code   RO         3899    i.disk_read         diskio.o
    0x08007a02   0x08007a02   0x00000002   PAD
    0x08007a04   0x08007a04   0x00000034   Code   RO         3900    i.disk_status       diskio.o
    0x08007a38   0x08007a38   0x0000004e   Code   RO         3901    i.disk_write        diskio.o
    0x08007a86   0x08007a86   0x00000020   Code   RO         3965    i.f_close           ff.o
    0x08007aa6   0x08007aa6   0x00000102   Code   RO         3967    i.f_getfree         ff.o
    0x08007ba8   0x08007ba8   0x0000019a   Code   RO         3969    i.f_lseek           ff.o
    0x08007d42   0x08007d42   0x00000002   PAD
    0x08007d44   0x08007d44   0x00000684   Code   RO         3971    i.f_mkfs            ff.o
    0x080083c8   0x080083c8   0x0000005c   Code   RO         3972    i.f_mount           ff.o
    0x08008424   0x08008424   0x0000017e   Code   RO         3973    i.f_open            ff.o
    0x080085a2   0x080085a2   0x00000076   Code   RO         3974    i.f_opendir         ff.o
    0x08008618   0x08008618   0x000001d0   Code   RO         3978    i.f_read            ff.o
    0x080087e8   0x080087e8   0x00000064   Code   RO         3979    i.f_readdir         ff.o
    0x0800884c   0x0800884c   0x000000b0   Code   RO         3982    i.f_sync            ff.o
    0x080088fc   0x080088fc   0x0000007c   Code   RO         4274    i.ff_convert        cc936.o
    0x08008978   0x08008978   0x0000005c   Code   RO         4275    i.ff_wtoupper       cc936.o
    0x080089d4   0x080089d4   0x000003d8   Code   RO         3987    i.find_volume       ff.o
    0x08008dac   0x08008dac   0x00000080   Code   RO         3988    i.fit_lfn           ff.o
    0x08008e2c   0x08008e2c   0x00000090   Code   RO         3989    i.follow_path       ff.o
    0x08008ebc   0x08008ebc   0x00000024   Code   RO         1157    i.fputc             usart1.o
    0x08008ee0   0x08008ee0   0x000000cc   Code   RO         3990    i.gen_numname       ff.o
    0x08008fac   0x08008fac   0x0000001c   Code   RO          262    i.getSysTickCnt     stm32f10x_it.o
    0x08008fc8   0x08008fc8   0x0000013e   Code   RO         3991    i.get_fat           ff.o
    0x08009106   0x08009106   0x00000002   PAD
    0x08009108   0x08009108   0x00000008   Code   RO         3902    i.get_fattime       diskio.o
    0x08009110   0x08009110   0x00000110   Code   RO         3992    i.get_fileinfo      ff.o
    0x08009220   0x08009220   0x0000004a   Code   RO         3993    i.get_ldnumber      ff.o
    0x0800926a   0x0800926a   0x00000002   PAD
    0x0800926c   0x0800926c   0x0000002c   Code   RO         1893    i.i2cNotifyClient   i2c_driver.o
    0x08009298   0x08009298   0x0000001e   Code   RO         1894    i.i2cTryNextMessage  i2c_driver.o
    0x080092b6   0x080092b6   0x0000000e   Code   RO         2005    i.i2cdevInit        i2c_device.o
    0x080092c4   0x080092c4   0x00000044   Code   RO         2006    i.i2cdevRead        i2c_device.o
    0x08009308   0x08009308   0x0000001a   Code   RO         2010    i.i2cdevReadByte    i2c_device.o
    0x08009322   0x08009322   0x00000044   Code   RO         2011    i.i2cdevWrite       i2c_device.o
    0x08009366   0x08009366   0x00000050   Code   RO         2013    i.i2cdevWriteBit    i2c_device.o
    0x080093b6   0x080093b6   0x00000064   Code   RO         2014    i.i2cdevWriteBits   i2c_device.o
    0x0800941a   0x0800941a   0x0000001e   Code   RO         2015    i.i2cdevWriteByte   i2c_device.o
    0x08009438   0x08009438   0x00000038   Code   RO         1895    i.i2cdrvClearDMA    i2c_driver.o
    0x08009470   0x08009470   0x00000020   Code   RO         1896    i.i2cdrvCreateMessage  i2c_driver.o
    0x08009490   0x08009490   0x0000001c   Code   RO         1897    i.i2cdrvCreateMessageIntAddr  i2c_driver.o
    0x080094ac   0x080094ac   0x00000044   Code   RO         1898    i.i2cdrvDmaIsrHandler  i2c_driver.o
    0x080094f0   0x080094f0   0x00000056   Code   RO         1899    i.i2cdrvDmaSetupBus  i2c_driver.o
    0x08009546   0x08009546   0x00000002   PAD
    0x08009548   0x08009548   0x00000094   Code   RO         1900    i.i2cdrvErrorIsrHandler  i2c_driver.o
    0x080095dc   0x080095dc   0x000001de   Code   RO         1901    i.i2cdrvEventIsrHandler  i2c_driver.o
    0x080097ba   0x080097ba   0x0000000c   Code   RO         1902    i.i2cdrvInit        i2c_driver.o
    0x080097c6   0x080097c6   0x00000134   Code   RO         1903    i.i2cdrvInitBus     i2c_driver.o
    0x080098fa   0x080098fa   0x00000002   PAD
    0x080098fc   0x080098fc   0x00000074   Code   RO         1904    i.i2cdrvMessageTransfer  i2c_driver.o
    0x08009970   0x08009970   0x0000001c   Code   RO         1905    i.i2cdrvRoughLoopDelay  i2c_driver.o
    0x0800998c   0x0800998c   0x0000004e   Code   RO         1906    i.i2cdrvStartTransfer  i2c_driver.o
    0x080099da   0x080099da   0x0000000c   Code   RO         1907    i.i2cdrvTryToRestartBus  i2c_driver.o
    0x080099e6   0x080099e6   0x00000002   PAD
    0x080099e8   0x080099e8   0x000000dc   Code   RO         1908    i.i2cdrvdevUnlockBus  i2c_driver.o
    0x08009ac4   0x08009ac4   0x00000020   Code   RO         3994    i.ld_clust          ff.o
    0x08009ae4   0x08009ae4   0x00000024   Code   RO          562    i.lpf2pInit         filter.o
    0x08009b08   0x08009b08   0x000000f4   Code   RO          564    i.lpf2pSetCutoffFreq  filter.o
    0x08009bfc   0x08009bfc   0x000000c8   Code   RO            1    i.main              main.o
    0x08009cc4   0x08009cc4   0x00000026   Code   RO         3995    i.mem_cmp           ff.o
    0x08009cea   0x08009cea   0x0000001a   Code   RO         3996    i.mem_cpy           ff.o
    0x08009d04   0x08009d04   0x00000014   Code   RO         3997    i.mem_set           ff.o
    0x08009d18   0x08009d18   0x00000034   Code   RO         3998    i.move_window       ff.o
    0x08009d4c   0x08009d4c   0x00000024   Code   RO         2100    i.mpu6500GetDeviceID  mpu9250.o
    0x08009d70   0x08009d70   0x00000028   Code   RO         2202    i.mpu6500Init       mpu9250.o
    0x08009d98   0x08009d98   0x00000020   Code   RO         2205    i.mpu6500Reset      mpu9250.o
    0x08009db8   0x08009db8   0x00000024   Code   RO         2214    i.mpu6500SetAccelDLPF  mpu9250.o
    0x08009ddc   0x08009ddc   0x00000024   Code   RO         2221    i.mpu6500SetClockSource  mpu9250.o
    0x08009e00   0x08009e00   0x00000024   Code   RO         2223    i.mpu6500SetDLPFMode  mpu9250.o
    0x08009e24   0x08009e24   0x00000024   Code   RO         2235    i.mpu6500SetFullScaleAccelRange  mpu9250.o
    0x08009e48   0x08009e48   0x00000024   Code   RO         2236    i.mpu6500SetFullScaleGyroRange  mpu9250.o
    0x08009e6c   0x08009e6c   0x00000020   Code   RO         2240    i.mpu6500SetI2CBypassEnabled  mpu9250.o
    0x08009e8c   0x08009e8c   0x00000020   Code   RO         2241    i.mpu6500SetI2CMasterModeEnabled  mpu9250.o
    0x08009eac   0x08009eac   0x00000020   Code   RO         2243    i.mpu6500SetIntDataReadyEnabled  mpu9250.o
    0x08009ecc   0x08009ecc   0x00000020   Code   RO         2244    i.mpu6500SetIntEnabled  mpu9250.o
    0x08009eec   0x08009eec   0x00000020   Code   RO         2251    i.mpu6500SetInterruptDrive  mpu9250.o
    0x08009f0c   0x08009f0c   0x00000020   Code   RO         2252    i.mpu6500SetInterruptLatch  mpu9250.o
    0x08009f2c   0x08009f2c   0x00000020   Code   RO         2253    i.mpu6500SetInterruptLatchClear  mpu9250.o
    0x08009f4c   0x08009f4c   0x00000020   Code   RO         2254    i.mpu6500SetInterruptMode  mpu9250.o
    0x08009f6c   0x08009f6c   0x00000024   Code   RO         2255    i.mpu6500SetMasterClockSpeed  mpu9250.o
    0x08009f90   0x08009f90   0x00000020   Code   RO         2260    i.mpu6500SetRate    mpu9250.o
    0x08009fb0   0x08009fb0   0x00000024   Code   RO         2268    i.mpu6500SetSlave4MasterDelay  mpu9250.o
    0x08009fd4   0x08009fd4   0x00000030   Code   RO         2272    i.mpu6500SetSlaveAddress  mpu9250.o
    0x0800a004   0x0800a004   0x00000034   Code   RO         2273    i.mpu6500SetSlaveDataLength  mpu9250.o
    0x0800a038   0x0800a038   0x00000024   Code   RO         2274    i.mpu6500SetSlaveDelayEnabled  mpu9250.o
    0x0800a05c   0x0800a05c   0x00000030   Code   RO         2275    i.mpu6500SetSlaveEnabled  mpu9250.o
    0x0800a08c   0x0800a08c   0x00000020   Code   RO         2277    i.mpu6500SetSlaveReadWriteTransitionEnabled  mpu9250.o
    0x0800a0ac   0x0800a0ac   0x00000030   Code   RO         2278    i.mpu6500SetSlaveRegister  mpu9250.o
    0x0800a0dc   0x0800a0dc   0x00000020   Code   RO         2282    i.mpu6500SetSleepEnabled  mpu9250.o
    0x0800a0fc   0x0800a0fc   0x00000024   Code   RO         2290    i.mpu6500SetTempSensorEnabled  mpu9250.o
    0x0800a120   0x0800a120   0x00000020   Code   RO         2291    i.mpu6500SetWaitForExternalSensorEnabled  mpu9250.o
    0x0800a140   0x0800a140   0x0000004c   Code   RO         3632    i.nrf_check         nrf24l01.o
    0x0800a18c   0x0800a18c   0x00000062   Code   RO         3633    i.nrf_checkEventandRxPacket  nrf24l01.o
    0x0800a1ee   0x0800a1ee   0x00000002   PAD
    0x0800a1f0   0x0800a1f0   0x00000018   Code   RO          674    i.nrf_interruptCallback  radio.o
    0x0800a208   0x0800a208   0x00000044   Code   RO         3636    i.nrf_rxPacket      nrf24l01.o
    0x0800a24c   0x0800a24c   0x00000022   Code   RO         3639    i.nrf_setAddress    nrf24l01.o
    0x0800a26e   0x0800a26e   0x00000020   Code   RO         3640    i.nrf_setArc        nrf24l01.o
    0x0800a28e   0x0800a28e   0x0000002c   Code   RO         3641    i.nrf_setArd        nrf24l01.o
    0x0800a2ba   0x0800a2ba   0x00000012   Code   RO         3642    i.nrf_setChannel    nrf24l01.o
    0x0800a2cc   0x0800a2cc   0x00000038   Code   RO         3643    i.nrf_setDataRate   nrf24l01.o
    0x0800a304   0x0800a304   0x0000000c   Code   RO         3644    i.nrf_setIterruptCallback  nrf24l01.o
    0x0800a310   0x0800a310   0x00000042   Code   RO         3645    i.nrf_setPower      nrf24l01.o
    0x0800a352   0x0800a352   0x00000002   PAD
    0x0800a354   0x0800a354   0x00000028   Code   RO         3648    i.nrf_txPacket_AP   nrf24l01.o
    0x0800a37c   0x0800a37c   0x00000080   Code   RO         3999    i.pick_lfn          ff.o
    0x0800a3fc   0x0800a3fc   0x00000178   Code   RO          263    i.printHardFault    stm32f10x_it.o
    0x0800a574   0x0800a574   0x00000098   Code   RO         7193    i.prvAddCurrentTaskToDelayedList  tasks.o
    0x0800a60c   0x0800a60c   0x000000b8   Code   RO         7194    i.prvAddNewTaskToReadyList  tasks.o
    0x0800a6c4   0x0800a6c4   0x00000064   Code   RO         7585    i.prvCheckForValidListAndQueue  timers.o
    0x0800a728   0x0800a728   0x00000064   Code   RO         7195    i.prvCheckTasksWaitingTermination  tasks.o
    0x0800a78c   0x0800a78c   0x0000002a   Code   RO         6947    i.prvCopyDataFromQueue  queue.o
    0x0800a7b6   0x0800a7b6   0x0000007c   Code   RO         6948    i.prvCopyDataToQueue  queue.o
    0x0800a832   0x0800a832   0x00000012   Code   RO         7196    i.prvDeleteTCB      tasks.o
    0x0800a844   0x0800a844   0x00000028   Code   RO         7586    i.prvGetNextExpireTime  timers.o
    0x0800a86c   0x0800a86c   0x0000007c   Code   RO         7781    i.prvHeapInit       heap_4.o
    0x0800a8e8   0x0800a8e8   0x0000000c   Code   RO         7197    i.prvIdleTask       tasks.o
    0x0800a8f4   0x0800a8f4   0x0000001c   Code   RO         6949    i.prvInitialiseMutex  queue.o
    0x0800a910   0x0800a910   0x0000002e   Code   RO         6950    i.prvInitialiseNewQueue  queue.o
    0x0800a93e   0x0800a93e   0x00000002   PAD
    0x0800a940   0x0800a940   0x000000c8   Code   RO         7198    i.prvInitialiseNewTask  tasks.o
    0x0800aa08   0x0800aa08   0x00000068   Code   RO         7199    i.prvInitialiseTaskLists  tasks.o
    0x0800aa70   0x0800aa70   0x00000068   Code   RO         7782    i.prvInsertBlockIntoFreeList  heap_4.o
    0x0800aad8   0x0800aad8   0x00000058   Code   RO         7588    i.prvInsertTimerInActiveList  timers.o
    0x0800ab30   0x0800ab30   0x0000001a   Code   RO         6951    i.prvIsQueueEmpty   queue.o
    0x0800ab4a   0x0800ab4a   0x0000001e   Code   RO         6952    i.prvIsQueueFull    queue.o
    0x0800ab68   0x0800ab68   0x000000ac   Code   RO         6953    i.prvNotifyQueueSetContainer  queue.o
    0x0800ac14   0x0800ac14   0x00000078   Code   RO         7589    i.prvProcessExpiredTimer  timers.o
    0x0800ac8c   0x0800ac8c   0x0000012c   Code   RO         7590    i.prvProcessReceivedCommands  timers.o
    0x0800adb8   0x0800adb8   0x00000074   Code   RO         7591    i.prvProcessTimerOrBlockTask  timers.o
    0x0800ae2c   0x0800ae2c   0x00000034   Code   RO         7201    i.prvResetNextTaskUnblockTime  tasks.o
    0x0800ae60   0x0800ae60   0x0000002c   Code   RO         7592    i.prvSampleTimeNow  timers.o
    0x0800ae8c   0x0800ae8c   0x000000b4   Code   RO         7593    i.prvSwitchTimerLists  timers.o
    0x0800af40   0x0800af40   0x0000007c   Code   RO         7704    i.prvTaskExitError  port.o
    0x0800afbc   0x0800afbc   0x0000001a   Code   RO         7594    i.prvTimerTask      timers.o
    0x0800afd6   0x0800afd6   0x00000092   Code   RO         6954    i.prvUnlockQueue    queue.o
    0x0800b068   0x0800b068   0x00000188   Code   RO         4000    i.put_fat           ff.o
    0x0800b1f0   0x0800b1f0   0x00000188   Code   RO         7783    i.pvPortMalloc      heap_4.o
    0x0800b378   0x0800b378   0x00000020   Code   RO         7205    i.pvTaskIncrementMutexHeldCount  tasks.o
    0x0800b398   0x0800b398   0x00000024   Code   RO         7705    i.pxPortInitialiseStack  port.o
    0x0800b3bc   0x0800b3bc   0x00000040   Code   RO          675    i.radioInit         radio.o
    0x0800b3fc   0x0800b3fc   0x0000000c   Code   RO          677    i.radiolinkConnectStatus  radio.o
    0x0800b408   0x0800b408   0x00000060   Code   RO          679    i.radiolinkInit     radio.o
    0x0800b468   0x0800b468   0x0000004c   Code   RO         3650    i.readBuf           nrf24l01.o
    0x0800b4b4   0x0800b4b4   0x00000038   Code   RO         3651    i.readReg           nrf24l01.o
    0x0800b4ec   0x0800b4ec   0x0000006c   Code   RO         4002    i.remove_chain      ff.o
    0x0800b558   0x0800b558   0x0000009c   Code   RO          609    i.scan_files        utils.o
    0x0800b5f4   0x0800b5f4   0x0000001e   Code   RO          356    i.sensorsAcquire    sensors.o
    0x0800b612   0x0800b612   0x0000000c   Code   RO          359    i.sensorsBiasObjInit  sensors.o
    0x0800b61e   0x0800b61e   0x00000002   PAD
    0x0800b620   0x0800b620   0x000001ac   Code   RO          361    i.sensorsDeviceInit  sensors.o
    0x0800b7cc   0x0800b7cc   0x0000003c   Code   RO          363    i.sensorsInit       sensors.o
    0x0800b808   0x0800b808   0x0000008c   Code   RO          364    i.sensorsInterruptInit  sensors.o
    0x0800b894   0x0800b894   0x00000020   Code   RO          365    i.sensorsReadAcc    sensors.o
    0x0800b8b4   0x0800b8b4   0x00000020   Code   RO          366    i.sensorsReadGyro   sensors.o
    0x0800b8d4   0x0800b8d4   0x00000020   Code   RO          367    i.sensorsReadMag    sensors.o
    0x0800b8f4   0x0800b8f4   0x00000078   Code   RO          368    i.sensorsSetupSlaveRead  sensors.o
    0x0800b96c   0x0800b96c   0x00000010   Code   RO         4003    i.st_clust          ff.o
    0x0800b97c   0x0800b97c   0x00000188   Code   RO            2    i.startTask         main.o
    0x0800bb04   0x0800bb04   0x00000018   Code   RO          610    i.storeAssertSnapshotData  utils.o
    0x0800bb1c   0x0800bb1c   0x00000020   Code   RO         4004    i.sum_sfn           ff.o
    0x0800bb3c   0x0800bb3c   0x000000c8   Code   RO         4005    i.sync_fs           ff.o
    0x0800bc04   0x0800bc04   0x00000052   Code   RO         4006    i.sync_window       ff.o
    0x0800bc56   0x0800bc56   0x00000002   PAD
    0x0800bc58   0x0800bc58   0x00000174   Code   RO         7868    i.tanf              m_ws.l(tanf.o)
    0x0800bdcc   0x0800bdcc   0x00000028   Code   RO         6904    i.uxListRemove      list.o
    0x0800bdf4   0x0800bdf4   0x0000001c   Code   RO            3    i.vApplicationIdleHook  main.o
    0x0800be10   0x0800be10   0x00000040   Code   RO            4    i.vApplicationMallocFailedHook  main.o
    0x0800be50   0x0800be50   0x00000040   Code   RO            5    i.vApplicationStackOverflowHook  main.o
    0x0800be90   0x0800be90   0x0000001a   Code   RO         6905    i.vListInitialise   list.o
    0x0800beaa   0x0800beaa   0x00000006   Code   RO         6906    i.vListInitialiseItem  list.o
    0x0800beb0   0x0800beb0   0x00000034   Code   RO         6907    i.vListInsert       list.o
    0x0800bee4   0x0800bee4   0x00000018   Code   RO         6908    i.vListInsertEnd    list.o
    0x0800befc   0x0800befc   0x000000b0   Code   RO         7707    i.vPortEnterCritical  port.o
    0x0800bfac   0x0800bfac   0x00000074   Code   RO         7708    i.vPortExitCritical  port.o
    0x0800c020   0x0800c020   0x000000fc   Code   RO         7784    i.vPortFree         heap_4.o
    0x0800c11c   0x0800c11c   0x00000014   Code   RO         7709    i.vPortSetupTimerInterrupt  port.o
    0x0800c130   0x0800c130   0x000000c0   Code   RO         7710    i.vPortValidateInterruptPriority  port.o
    0x0800c1f0   0x0800c1f0   0x0000002c   Code   RO         6960    i.vQueueAddToRegistry  queue.o
    0x0800c21c   0x0800c21c   0x0000004a   Code   RO         6964    i.vQueueWaitForMessageRestricted  queue.o
    0x0800c266   0x0800c266   0x00000002   PAD
    0x0800c268   0x0800c268   0x00000084   Code   RO         7214    i.vTaskDelay        tasks.o
    0x0800c2ec   0x0800c2ec   0x0000011c   Code   RO         7216    i.vTaskDelete       tasks.o
    0x0800c408   0x0800c408   0x0000000c   Code   RO         7220    i.vTaskMissedYield  tasks.o
    0x0800c414   0x0800c414   0x00000054   Code   RO         7222    i.vTaskPlaceOnEventList  tasks.o
    0x0800c468   0x0800c468   0x0000005c   Code   RO         7223    i.vTaskPlaceOnEventListRestricted  tasks.o
    0x0800c4c4   0x0800c4c4   0x000000b0   Code   RO         7225    i.vTaskPriorityInherit  tasks.o
    0x0800c574   0x0800c574   0x0000004c   Code   RO         7230    i.vTaskSetTimeOutState  tasks.o
    0x0800c5c0   0x0800c5c0   0x000000d4   Code   RO         7231    i.vTaskStartScheduler  tasks.o
    0x0800c694   0x0800c694   0x00000010   Code   RO         7233    i.vTaskSuspendAll   tasks.o
    0x0800c6a4   0x0800c6a4   0x000000bc   Code   RO         7234    i.vTaskSwitchContext  tasks.o
    0x0800c760   0x0800c760   0x00000032   Code   RO         4007    i.validate          ff.o
    0x0800c792   0x0800c792   0x00000002   PAD
    0x0800c794   0x0800c794   0x0000004c   Code   RO         3652    i.writeBuf          nrf24l01.o
    0x0800c7e0   0x0800c7e0   0x0000003c   Code   RO         3653    i.writeReg          nrf24l01.o
    0x0800c81c   0x0800c81c   0x0000000c   Code   RO         7786    i.xPortGetFreeHeapSize  heap_4.o
    0x0800c828   0x0800c828   0x000000a0   Code   RO         7711    i.xPortStartScheduler  port.o
    0x0800c8c8   0x0800c8c8   0x00000034   Code   RO         7712    i.xPortSysTickHandler  port.o
    0x0800c8fc   0x0800c8fc   0x00000022   Code   RO         6967    i.xQueueCreateMutex  queue.o
    0x0800c91e   0x0800c91e   0x00000002   PAD
    0x0800c920   0x0800c920   0x0000008c   Code   RO         6969    i.xQueueGenericCreate  queue.o
    0x0800c9ac   0x0800c9ac   0x000001cc   Code   RO         6970    i.xQueueGenericReceive  queue.o
    0x0800cb78   0x0800cb78   0x000000ac   Code   RO         6971    i.xQueueGenericReset  queue.o
    0x0800cc24   0x0800cc24   0x000001cc   Code   RO         6972    i.xQueueGenericSend  queue.o
    0x0800cdf0   0x0800cdf0   0x00000114   Code   RO         6973    i.xQueueGenericSendFromISR  queue.o
    0x0800cf04   0x0800cf04   0x00000118   Code   RO         6974    i.xQueueGiveFromISR  queue.o
    0x0800d01c   0x0800d01c   0x000000b0   Code   RO         7236    i.xTaskCheckForTimeOut  tasks.o
    0x0800d0cc   0x0800d0cc   0x00000060   Code   RO         7237    i.xTaskCreate       tasks.o
    0x0800d12c   0x0800d12c   0x00000020   Code   RO         7242    i.xTaskGetSchedulerState  tasks.o
    0x0800d14c   0x0800d14c   0x0000000c   Code   RO         7243    i.xTaskGetTickCount  tasks.o
    0x0800d158   0x0800d158   0x00000184   Code   RO         7245    i.xTaskIncrementTick  tasks.o
    0x0800d2dc   0x0800d2dc   0x000000fc   Code   RO         7248    i.xTaskPriorityDisinherit  tasks.o
    0x0800d3d8   0x0800d3d8   0x000000b8   Code   RO         7249    i.xTaskRemoveFromEventList  tasks.o
    0x0800d490   0x0800d490   0x0000012c   Code   RO         7251    i.xTaskResumeAll    tasks.o
    0x0800d5bc   0x0800d5bc   0x0000006c   Code   RO         7598    i.xTimerCreateTimerTask  timers.o
    0x0800d628   0x0800d628   0x00000098   Code   RO         7599    i.xTimerGenericCommand  timers.o
    0x0800d6c0   0x0800d6c0   0x00000200   Data   RO          612    .constdata          utils.o
    0x0800d8c0   0x0800d8c0   0x000009d8   Data   RO         1523    .constdata          i2c_oled.o
    0x0800e298   0x0800e298   0x00000060   Data   RO         1909    .constdata          i2c_driver.o
    0x0800e2f8   0x0800e2f8   0x0000003a   Data   RO         4008    .constdata          ff.o
    0x0800e332   0x0800e332   0x0002b0c0   Data   RO         4276    .constdata          cc936.o
    0x080393f2   0x080393f2   0x00000006   PAD
    0x080393f8   0x080393f8   0x00000098   Data   RO         7833    .constdata          m_ws.l(atan.o)
    0x08039490   0x08039490   0x00000020   Data   RO         8228    .constdata          m_ws.l(rredf.o)
    0x080394b0   0x080394b0   0x00000053   Data   RO         1159    .conststring        usart1.o
    0x08039503   0x08039503   0x00000001   PAD
    0x08039504   0x08039504   0x00000063   Data   RO         1328    .conststring        flash.o
    0x08039567   0x08039567   0x00000001   PAD
    0x08039568   0x08039568   0x000001df   Data   RO         6985    .conststring        queue.o
    0x08039747   0x08039747   0x00000001   PAD
    0x08039748   0x08039748   0x000000b3   Data   RO         7254    .conststring        tasks.o
    0x080397fb   0x080397fb   0x00000001   PAD
    0x080397fc   0x080397fc   0x00000042   Data   RO         7713    .conststring        port.o
    0x0803983e   0x0803983e   0x00000002   PAD
    0x08039840   0x08039840   0x0000008a   Data   RO         7789    .conststring        heap_4.o
    0x080398ca   0x080398ca   0x00000002   PAD
    0x080398cc   0x080398cc   0x00000001   Data   RO          613    .conststrlit        utils.o
    0x080398cd   0x080398cd   0x00000003   PAD
    0x080398d0   0x080398d0   0x00000020   Data   RO         8285    Region$$Table       anon$$obj.o


    Execution Region RW_IRAM1 (Exec base: 0x20000000, Load base: 0x080398f0, Size: 0x00009140, Max: 0x0000c000, ABSOLUTE, COMPRESSED[0x00000084])

    Exec Addr    Load Addr    Size         Type   Attr      Idx    E Section Name        Object

    0x20000000   COMPRESSED   0x0000000c   Data   RW            6    .data               main.o
    0x2000000c   COMPRESSED   0x0000000c   Data   RW          264    .data               stm32f10x_it.o
    0x20000018   COMPRESSED   0x0000003c   Data   RW          371    .data               sensors.o
    0x20000054   COMPRESSED   0x0000003d   Data   RW          614    .data               utils.o
    0x20000091   COMPRESSED   0x00000003   PAD
    0x20000094   COMPRESSED   0x00000040   Data   RW          681    .data               radio.o
    0x200000d4   COMPRESSED   0x00000009   Data   RW         1160    .data               usart1.o
    0x200000dd   COMPRESSED   0x00000003   PAD
    0x200000e0   COMPRESSED   0x0000000e   Data   RW         1229    .data               uart4.o
    0x200000ee   COMPRESSED   0x00000002   PAD
    0x200000f0   COMPRESSED   0x0000000e   Data   RW         1259    .data               uart5.o
    0x200000fe   COMPRESSED   0x00000002   PAD
    0x20000100   COMPRESSED   0x0000000c   Data   RW         1289    .data               adc.o
    0x2000010c   COMPRESSED   0x00000004   Data   RW         1366    .data               spi_flash.o
    0x20000110   COMPRESSED   0x00000001   Data   RW         1524    .data               i2c_oled.o
    0x20000111   COMPRESSED   0x00000003   PAD
    0x20000114   COMPRESSED   0x00000006   Data   RW         1647    .data               delay.o
    0x2000011a   COMPRESSED   0x00000010   Data   RW         1733    .data               servo.o
    0x2000012a   COMPRESSED   0x00000008   Data   RW         1795    .data               motor.o
    0x20000132   COMPRESSED   0x00000002   PAD
    0x20000134   COMPRESSED   0x00000080   Data   RW         1910    .data               i2c_driver.o
    0x200001b4   COMPRESSED   0x00000009   Data   RW         2307    .data               mpu9250.o
    0x200001bd   COMPRESSED   0x00000003   PAD
    0x200001c0   COMPRESSED   0x0000000d   Data   RW         3488    .data               ak8963.o
    0x200001cd   COMPRESSED   0x00000003   PAD
    0x200001d0   COMPRESSED   0x00000004   Data   RW         3655    .data               nrf24l01.o
    0x200001d4   COMPRESSED   0x00000001   Data   RW         3807    .data               power_control.o
    0x200001d5   COMPRESSED   0x00000003   PAD
    0x200001d8   COMPRESSED   0x0000000a   Data   RW         4009    .data               ff.o
    0x200001e2   COMPRESSED   0x00000014   Data   RW         5534    .data               stm32f10x_rcc.o
    0x200001f6   COMPRESSED   0x00000002   PAD
    0x200001f8   COMPRESSED   0x0000003c   Data   RW         7255    .data               tasks.o
    0x20000234   COMPRESSED   0x00000014   Data   RW         7605    .data               timers.o
    0x20000248   COMPRESSED   0x0000000c   Data   RW         7714    .data               port.o
    0x20000254   COMPRESSED   0x00000018   Data   RW         7790    .data               heap_4.o
    0x2000026c   COMPRESSED   0x00000004   Data   RW         8246    .data               mc_w.l(stdout.o)
    0x20000270   COMPRESSED   0x00000004   Data   RW         8260    .data               mc_w.l(errno.o)
    0x20000274   COMPRESSED   0x0000000c   Data   RW          615    .nzds               utils.o
    0x20000280        -       0x00001968   Zero   RW          370    .bss                sensors.o
    0x20001be8        -       0x00002ab7   Zero   RW          611    .bss                utils.o
    0x2000469f   COMPRESSED   0x00000001   PAD
    0x200046a0        -       0x00000010   Zero   RW          680    .bss                radio.o
    0x200046b0        -       0x00000484   Zero   RW          750    .bss                ekf.o
    0x20004b34        -       0x00000026   Zero   RW         1158    .bss                usart1.o
    0x20004b5a   COMPRESSED   0x00000002   PAD
    0x20004b5c        -       0x0000001c   Zero   RW         1794    .bss                motor.o
    0x20004b78        -       0x0000001e   Zero   RW         2305    .bss                mpu9250.o
    0x20004b96   COMPRESSED   0x00000002   PAD
    0x20004b98        -       0x00000050   Zero   RW         6984    .bss                queue.o
    0x20004be8        -       0x0000012c   Zero   RW         7253    .bss                tasks.o
    0x20004d14        -       0x00000028   Zero   RW         7604    .bss                timers.o
    0x20004d3c        -       0x00004000   Zero   RW         7788    .bss                heap_4.o
    0x20008d3c   COMPRESSED   0x00000004   PAD
    0x20008d40        -       0x00000400   Zero   RW         3890    STACK               startup_stm32f10x_hd.o


==============================================================================

Image component sizes


      Code (inc. data)   RO Data    RW Data    ZI Data      Debug   Object Name

       300         16          0         12          0       1933   adc.o
       120         36          0         13          0       1984   ak8963.o
       172         10          0          0          0        618   buzzer.o
       316         12          0          0          0       1885   can.o
       216         16     176320          0          0       2423   cc936.o
       208         20          0          6          0       1735   delay.o
       324         10          0          0          0       7672   diskio.o
       488          6          0          0       1156       2223   ekf.o
        96         14          0          0          0       1027   fast_math.o
      9524        140         58         10          0      35759   ff.o
       280         10          0          0          0       3129   filter.o
       532         28         99          0          0       1490   flash.o
       884        290        138         24      16384       4170   heap_4.o
       386          0          0          0          0       5226   i2c_device.o
      1792         64         96        128          0      12938   i2c_driver.o
      1440        228       2520          1          0       7524   i2c_oled.o
        88         12          0          0          0        891   key.o
        48          4          0          0          0        439   led.o
       148          0          0          0          0       2882   list.o
       748        284          0         12          0     311957   main.o
       172         22          0          0          0       2041   misc.o
      2116        160          0          8         28       9427   motor.o
      1012        242          0          9         30      15749   mpu9250.o
      1356         92          0          4          0      10764   nrf24l01.o
      1026        408         66         12          0      10005   port.o
       704         66          0          1          0       2286   power_control.o
       542          6          0          0          0       3768   quaternion.o
      2554        350        479          0         80      22501   queue.o
      1600        160          0         64         16       4618   radio.o
      2246        304          0         60       6504     242362   sensors.o
       660         40          0         16          0       3672   servo.o
      1198        158          0          4          0       6769   spi_flash.o
        36          8        304          0       1024        864   startup_stm32f10x_hd.o
       390         10          0          0          0       7337   stm32f10x_adc.o
       994         28          0          0          0       3824   stm32f10x_can.o
       506         26          0          0          0       5105   stm32f10x_dma.o
       200         18          0          0          0       2092   stm32f10x_exti.o
       330         38          0          0          0       5320   stm32f10x_flash.o
       528         10          0          0          0       5586   stm32f10x_gpio.o
       482         20          0          0          0       8076   stm32f10x_i2c.o
       486        206          0         12          0      15466   stm32f10x_it.o
        16          6          0          0          0        469   stm32f10x_iwdg.o
       364         50          0         20          0       6050   stm32f10x_rcc.o
       112          0          0          0          0       3798   stm32f10x_spi.o
       930         92          0          0          0       8529   stm32f10x_tim.o
       476          6          0          0          0       6743   stm32f10x_usart.o
       328         28          0          0          0       2081   system_stm32f10x.o
      3566       1026        179         60        300      30095   tasks.o
      1274        312          0         20         40       7935   timers.o
       412         36          0         14          0       2016   uart4.o
       456         74          0         14          0       2020   uart5.o
      1576         82         83          9         38       7135   usart1.o
       988        464        513         73      10935      19696   utils.o

    ----------------------------------------------------------------------
     47814       5748     180904        632      36544     892104   Object Totals
         0          0         32          0          0          0   (incl. Generated)
        68          0         17         26          9          0   (incl. Padding)

    ----------------------------------------------------------------------

      Code (inc. data)   RO Data    RW Data    ZI Data      Debug   Library Member Name

       544         70        152          0          0        124   atan.o
       380         52          0          0          0        124   cosf.o
        22          6          0          0          0        136   dunder.o
        40          0          0          0          0         68   fpclassify.o
        38          0          0          0          0         68   fpclassifyf.o
        24          0          0          0          0        204   funder.o
       170          0          0          0          0         96   poly.o
       360         16         32          0          0         88   rredf.o
       372         58          0          0          0        124   tanf.o
        86          0          0          0          0          0   __dczerorl2.o
         0          0          0          0          0          0   entry.o
         0          0          0          0          0          0   entry10a.o
         0          0          0          0          0          0   entry11a.o
         4          0          0          0          0          0   entry12b.o
         8          4          0          0          0          0   entry2.o
         4          0          0          0          0          0   entry5.o
         0          0          0          0          0          0   entry7b.o
         0          0          0          0          0          0   entry8b.o
         8          4          0          0          0          0   entry9a.o
        12          6          0          4          0         68   errno.o
        30          0          0          0          0          0   handlers.o
        36          8          0          0          0         68   init.o
         0          0          0          0          0          0   iusefp.o
        30          0          0          0          0         68   llshl.o
        36          0          0          0          0         68   llsshr.o
        32          0          0          0          0         68   llushr.o
        36          0          0          0          0         68   memcpya.o
        36          0          0          0          0        108   memseta.o
      2268         96          0          0          0        616   printfa.o
         0          0          0          4          0          0   stdout.o
        18          0          0          0          0         68   strcpy.o
        14          0          0          0          0         68   strlen.o
        44          0          0          0          0         80   uidiv.o
        98          0          0          0          0         92   uldiv.o
        48          0          0          0          0         68   cdcmple.o
        48          0          0          0          0         68   cdrcmple.o
        20          0          0          0          0         68   cfcmple.o
        20          0          0          0          0         68   cfrcmple.o
        56          0          0          0          0         88   d2f.o
       334          0          0          0          0        148   dadd.o
       222          0          0          0          0        100   ddiv.o
       186          0          0          0          0        176   depilogue.o
        62          0          0          0          0         80   dfixi.o
        48          0          0          0          0         68   dfixul.o
        34          0          0          0          0         76   dflti.o
       228          0          0          0          0         96   dmul.o
        46          0          0          0          0         80   dscalb.o
        38          0          0          0          0         68   f2d.o
       176          0          0          0          0        140   fadd.o
       124          0          0          0          0         88   fdiv.o
       110          0          0          0          0        168   fepilogue.o
        50          0          0          0          0         68   ffixi.o
        40          0          0          0          0         68   ffixui.o
        18          0          0          0          0         68   fflti.o
        10          0          0          0          0         68   ffltui.o
       100          0          0          0          0         76   fmul.o
        60          0          0          0          0         76   frnd.o
        24          0          0          0          0         68   fscalb.o

    ----------------------------------------------------------------------
      6858        320        184          8          0       4612   Library Totals
         6          0          0          0          0          0   (incl. Padding)

    ----------------------------------------------------------------------

      Code (inc. data)   RO Data    RW Data    ZI Data      Debug   Library Name

      1950        202        184          0          0       1032   m_ws.l
      2800        118          0          8          0       1440   mc_w.l
      2102          0          0          0          0       2140   mf_w.l

    ----------------------------------------------------------------------
      6858        320        184          8          0       4612   Library Totals

    ----------------------------------------------------------------------

==============================================================================


      Code (inc. data)   RO Data    RW Data    ZI Data      Debug   

     54672       6068     181088        640      36544     873496   Grand Totals
     54672       6068     181088        132      36544     873496   ELF Image Totals (compressed)
     54672       6068     181088        132          0          0   ROM Totals

==============================================================================

    Total RO  Size (Code + RO Data)               235760 ( 230.23kB)
    Total RW  Size (RW Data + ZI Data)             37184 (  36.31kB)
    Total ROM Size (Code + RO Data + RW Data)     235892 ( 230.36kB)

==============================================================================

